Martian Runtime - v4.0.12

Running preflight checks (please wait)...
Checking sample info...
Checking FASTQ folder...
Checking reference...
Checking reference_path (./tmp_seq/Phuc_10x/ref/refdata-gex-GRCh38-2024-A) on c2-node-010...
Checking optional arguments...
mro: v4.0.12
mrp: v4.0.12
python: Python 3.10.8
numpy: 1.24.4
scipy: 1.10.1
pysam: 0.21.0
h5py: 3.9.0
pandas: 2.1.4
STAR: 2.7.2a
samtools: samtools 1.16.1
2026-08-27 14:33:58 [runtime] (ready)           ID.SRR9134555_run.SC_RNA_COUNTER_CS.SC_MULTI_CORE.SPLIT_VDJ_INPUTS
2026-08-27 14:33:58 [runtime] (ready)           ID.SRR9134555_run.SC_RNA_COUNTER_CS.SC_MULTI_CORE.MULTI_CHEMISTRY_DETECTOR.CHECK_SINGLE_BEAM_MODE
2026-08-27 14:33:58 [runtime] (ready)           ID.SRR9134555_run.SC_RNA_COUNTER_CS.SC_MULTI_CORE.MAKE_FULL_CONFIG._MAKE_VDJ_CONFIG
2026-08-27 14:33:58 [runtime] (run:local)       ID.SRR9134555_run.SC_RNA_COUNTER_CS.SC_MULTI_CORE.MAKE_FULL_CONFIG._MAKE_VDJ_CONFIG.fork0.chnk0.main
2026-08-27 14:33:58 [runtime] (ready)           ID.SRR9134555_run.SC_RNA_COUNTER_CS.FULL_COUNT_INPUTS.WRITE_GENE_INDEX
2026-08-27 14:33:58 [runtime] (run:local)       ID.SRR9134555_run.SC_RNA_COUNTER_CS.FULL_COUNT_INPUTS.WRITE_GENE_INDEX.fork0.chnk0.main
2026-08-27 14:33:58 [runtime] (ready)           ID.SRR9134555_run.SC_RNA_COUNTER_CS.SC_MULTI_CORE.COPY_VDJ_REFERENCE
2026-08-27 14:33:58 [runtime] (ready)           ID.SRR9134555_run.SC_RNA_COUNTER_CS.SC_MULTI_CORE.MULTI_GEM_WELL_PROCESSOR.COUNT_GEM_WELL_PROCESSOR._BASIC_SC_RNA_COUNTER._MATRIX_COMPUTER.DISABLE_CORRECTION_FACTOR
2026-08-27 14:33:58 [runtime] (run:local)       ID.SRR9134555_run.SC_RNA_COUNTER_CS.SC_MULTI_CORE.MULTI_GEM_WELL_PROCESSOR.COUNT_GEM_WELL_PROCESSOR._BASIC_SC_RNA_COUNTER._MATRIX_COMPUTER.DISABLE_CORRECTION_FACTOR.fork0.chnk0.main
2026-08-27 14:33:58 [runtime] (ready)           ID.SRR9134555_run.SC_RNA_COUNTER_CS.COPY_CHEMISTRY_SPEC
2026-08-27 14:33:59 [runtime] (run:local)       ID.SRR9134555_run.SC_RNA_COUNTER_CS.COPY_CHEMISTRY_SPEC.fork0.chnk0.main
2026-08-27 14:33:59 [runtime] (ready)           ID.SRR9134555_run.SC_RNA_COUNTER_CS.SC_MULTI_CORE.SANITIZE_MAP_CALLS
2026-08-27 14:33:59 [runtime] (ready)           ID.SRR9134555_run.SC_RNA_COUNTER_CS.WRITE_GENE_INDEX
2026-08-27 14:33:59 [runtime] (run:local)       ID.SRR9134555_run.SC_RNA_COUNTER_CS.WRITE_GENE_INDEX.fork0.chnk0.main
2026-08-27 14:33:59 [runtime] (chunks_complete) ID.SRR9134555_run.SC_RNA_COUNTER_CS.COPY_CHEMISTRY_SPEC
2026-08-27 14:33:59 [runtime] (chunks_complete) ID.SRR9134555_run.SC_RNA_COUNTER_CS.SC_MULTI_CORE.MAKE_FULL_CONFIG._MAKE_VDJ_CONFIG
2026-08-27 14:33:59 [runtime] (chunks_complete) ID.SRR9134555_run.SC_RNA_COUNTER_CS.SC_MULTI_CORE.MULTI_GEM_WELL_PROCESSOR.COUNT_GEM_WELL_PROCESSOR._BASIC_SC_RNA_COUNTER._MATRIX_COMPUTER.DISABLE_CORRECTION_FACTOR
2026-08-27 14:33:59 [runtime] (ready)           ID.SRR9134555_run.SC_RNA_COUNTER_CS.SC_MULTI_CORE.MULTI_CHEMISTRY_DETECTOR.DETECT_COUNT_CHEMISTRY
2026-08-27 14:33:59 [runtime] (run:local)       ID.SRR9134555_run.SC_RNA_COUNTER_CS.SC_MULTI_CORE.MULTI_CHEMISTRY_DETECTOR.DETECT_COUNT_CHEMISTRY.fork0.chnk0.main
2026-08-27 14:33:59 [runtime] (ready)           ID.SRR9134555_run.SC_RNA_COUNTER_CS.SC_MULTI_CORE.MULTI_GEM_WELL_PROCESSOR.VDJ_B_GEM_WELL_PROCESSOR.MULTI_SETUP_CHUNKS
2026-08-27 14:33:59 [runtime] (ready)           ID.SRR9134555_run.SC_RNA_COUNTER_CS.SC_MULTI_CORE.MULTI_GEM_WELL_PROCESSOR.VDJ_T_GEM_WELL_PROCESSOR.MULTI_SETUP_CHUNKS
2026-08-27 14:33:59 [runtime] (ready)           ID.SRR9134555_run.SC_RNA_COUNTER_CS.SC_MULTI_CORE.MULTI_GEM_WELL_PROCESSOR.VDJ_T_GD_GEM_WELL_PROCESSOR.MULTI_SETUP_CHUNKS
2026-08-27 14:33:59 [runtime] (ready)           ID.SRR9134555_run.SC_RNA_COUNTER_CS.SC_MULTI_CORE.MULTI_GEM_WELL_PROCESSOR.VDJ_T_GEM_WELL_PROCESSOR.SETUP_VDJ_DEMUX
2026-08-27 14:33:59 [runtime] (ready)           ID.SRR9134555_run.SC_RNA_COUNTER_CS.SC_MULTI_CORE.MULTI_GEM_WELL_PROCESSOR.VDJ_B_GEM_WELL_PROCESSOR.SETUP_VDJ_DEMUX
2026-08-27 14:33:59 [runtime] (ready)           ID.SRR9134555_run.SC_RNA_COUNTER_CS.SC_MULTI_CORE.MULTI_GEM_WELL_PROCESSOR.VDJ_T_GD_GEM_WELL_PROCESSOR.SETUP_VDJ_DEMUX
2026-08-27 14:33:59 [runtime] (ready)           ID.SRR9134555_run.SC_RNA_COUNTER_CS.SC_MULTI_CORE.MULTI_GEM_WELL_PROCESSOR.COUNT_GEM_WELL_PROCESSOR._BASIC_SC_RNA_COUNTER._MATRIX_COMPUTER.COMPUTE_CORRECTION_FACTOR
2026-08-27 14:33:59 [runtime] (ready)           ID.SRR9134555_run.SC_RNA_COUNTER_CS.SC_MULTI_CORE.MULTI_GEM_WELL_PROCESSOR.VDJ_T_GD_GEM_WELL_PROCESSOR.SC_VDJ_CONTIG_ASSEMBLER.MAKE_SHARD
2026-08-27 14:33:59 [runtime] (ready)           ID.SRR9134555_run.SC_RNA_COUNTER_CS.SC_MULTI_CORE.MULTI_GEM_WELL_PROCESSOR.VDJ_T_GEM_WELL_PROCESSOR.SC_VDJ_CONTIG_ASSEMBLER.MAKE_SHARD
2026-08-27 14:33:59 [runtime] (ready)           ID.SRR9134555_run.SC_RNA_COUNTER_CS.SC_MULTI_CORE.MULTI_GEM_WELL_PROCESSOR.VDJ_B_GEM_WELL_PROCESSOR.SC_VDJ_CONTIG_ASSEMBLER.MAKE_SHARD
2026-08-27 14:33:59 [runtime] (ready)           ID.SRR9134555_run.SC_RNA_COUNTER_CS.SC_MULTI_CORE.MULTI_GEM_WELL_PROCESSOR.VDJ_T_GD_GEM_WELL_PROCESSOR.SC_VDJ_CONTIG_ASSEMBLER.BARCODE_CORRECTION
2026-08-27 14:33:59 [runtime] (ready)           ID.SRR9134555_run.SC_RNA_COUNTER_CS.SC_MULTI_CORE.MULTI_GEM_WELL_PROCESSOR.VDJ_B_GEM_WELL_PROCESSOR.SC_VDJ_CONTIG_ASSEMBLER.BARCODE_CORRECTION
2026-08-27 14:33:59 [runtime] (ready)           ID.SRR9134555_run.SC_RNA_COUNTER_CS.SC_MULTI_CORE.MULTI_GEM_WELL_PROCESSOR.VDJ_T_GEM_WELL_PROCESSOR.SC_VDJ_CONTIG_ASSEMBLER.BARCODE_CORRECTION
2026-08-27 14:33:59 [runtime] (ready)           ID.SRR9134555_run.SC_RNA_COUNTER_CS.SC_MULTI_CORE.MULTI_GEM_WELL_PROCESSOR.VDJ_B_GEM_WELL_PROCESSOR.SC_VDJ_CONTIG_ASSEMBLER.RUST_BRIDGE
2026-08-27 14:33:59 [runtime] (ready)           ID.SRR9134555_run.SC_RNA_COUNTER_CS.SC_MULTI_CORE.MULTI_GEM_WELL_PROCESSOR.VDJ_T_GD_GEM_WELL_PROCESSOR.SC_VDJ_CONTIG_ASSEMBLER.RUST_BRIDGE
2026-08-27 14:33:59 [runtime] (ready)           ID.SRR9134555_run.SC_RNA_COUNTER_CS.SC_MULTI_CORE.MULTI_GEM_WELL_PROCESSOR.VDJ_B_GEM_WELL_PROCESSOR.SC_VDJ_CONTIG_ASSEMBLER.ASSEMBLE_VDJ
2026-08-27 14:33:59 [runtime] (ready)           ID.SRR9134555_run.SC_RNA_COUNTER_CS.SC_MULTI_CORE.MULTI_GEM_WELL_PROCESSOR.VDJ_T_GEM_WELL_PROCESSOR.SC_VDJ_CONTIG_ASSEMBLER.RUST_BRIDGE
2026-08-27 14:34:00 [runtime] (ready)           ID.SRR9134555_run.SC_RNA_COUNTER_CS.SC_MULTI_CORE.MULTI_GEM_WELL_PROCESSOR.VDJ_T_GD_GEM_WELL_PROCESSOR.SC_VDJ_CONTIG_ASSEMBLER.ASSEMBLE_VDJ
2026-08-27 14:34:00 [runtime] (ready)           ID.SRR9134555_run.SC_RNA_COUNTER_CS.SC_MULTI_CORE.MULTI_GEM_WELL_PROCESSOR.VDJ_B_GEM_WELL_PROCESSOR.SC_VDJ_CONTIG_ASSEMBLER.MERGE_METRICS
2026-08-27 14:34:00 [runtime] (ready)           ID.SRR9134555_run.SC_RNA_COUNTER_CS.SC_MULTI_CORE.MULTI_GEM_WELL_PROCESSOR.VDJ_T_GD_GEM_WELL_PROCESSOR.SC_VDJ_CONTIG_ASSEMBLER.MERGE_METRICS
2026-08-27 14:34:00 [runtime] (ready)           ID.SRR9134555_run.SC_RNA_COUNTER_CS.SC_MULTI_CORE.MULTI_GEM_WELL_PROCESSOR.VDJ_T_GEM_WELL_PROCESSOR.SC_VDJ_CONTIG_ASSEMBLER.ASSEMBLE_VDJ
2026-08-27 14:34:00 [runtime] (ready)           ID.SRR9134555_run.SC_RNA_COUNTER_CS.SC_MULTI_CORE.MULTI_GEM_WELL_PROCESSOR.VDJ_T_GEM_WELL_PROCESSOR.SC_VDJ_CONTIG_ASSEMBLER.MERGE_METRICS
2026-08-27 14:34:10 [runtime] (chunks_complete) ID.SRR9134555_run.SC_RNA_COUNTER_CS.FULL_COUNT_INPUTS.WRITE_GENE_INDEX
2026-08-27 14:34:10 [runtime] (ready)           ID.SRR9134555_run.SC_RNA_COUNTER_CS.SC_MULTI_CORE.MULTI_GEM_WELL_PROCESSOR.COUNT_GEM_WELL_PROCESSOR.PARSE_TARGET_FEATURES
2026-08-27 14:34:10 [runtime] (run:local)       ID.SRR9134555_run.SC_RNA_COUNTER_CS.SC_MULTI_CORE.MULTI_GEM_WELL_PROCESSOR.COUNT_GEM_WELL_PROCESSOR.PARSE_TARGET_FEATURES.fork0.chnk0.main
2026-08-27 14:34:10 [runtime] (chunks_complete) ID.SRR9134555_run.SC_RNA_COUNTER_CS.WRITE_GENE_INDEX
2026-08-27 14:34:11 [runtime] (chunks_complete) ID.SRR9134555_run.SC_RNA_COUNTER_CS.SC_MULTI_CORE.MULTI_GEM_WELL_PROCESSOR.COUNT_GEM_WELL_PROCESSOR.PARSE_TARGET_FEATURES
2026-08-27 14:34:28 [runtime] (chunks_complete) ID.SRR9134555_run.SC_RNA_COUNTER_CS.SC_MULTI_CORE.MULTI_CHEMISTRY_DETECTOR.DETECT_COUNT_CHEMISTRY
2026-08-27 14:34:28 [runtime] (ready)           ID.SRR9134555_run.SC_RNA_COUNTER_CS.SC_MULTI_CORE.MULTI_GEM_WELL_PROCESSOR.MAKE_VDJ_FILTER_SWITCH
2026-08-27 14:34:28 [runtime] (run:local)       ID.SRR9134555_run.SC_RNA_COUNTER_CS.SC_MULTI_CORE.MULTI_GEM_WELL_PROCESSOR.MAKE_VDJ_FILTER_SWITCH.fork0.chnk0.main
2026-08-27 14:34:28 [runtime] (ready)           ID.SRR9134555_run.SC_RNA_COUNTER_CS.SC_MULTI_CORE.MULTI_CHEMISTRY_DETECTOR.CHECK_BARCODES_COMPATIBILITY
2026-08-27 14:34:28 [runtime] (run:local)       ID.SRR9134555_run.SC_RNA_COUNTER_CS.SC_MULTI_CORE.MULTI_CHEMISTRY_DETECTOR.CHECK_BARCODES_COMPATIBILITY.fork0.chnk0.main
2026-08-27 14:34:28 [runtime] (ready)           ID.SRR9134555_run.SC_RNA_COUNTER_CS.SC_MULTI_CORE.MULTI_GEM_WELL_PROCESSOR.COUNT_GEM_WELL_PROCESSOR.MULTI_SETUP_CHUNKS
2026-08-27 14:34:28 [runtime] (run:local)       ID.SRR9134555_run.SC_RNA_COUNTER_CS.SC_MULTI_CORE.MULTI_GEM_WELL_PROCESSOR.COUNT_GEM_WELL_PROCESSOR.MULTI_SETUP_CHUNKS.fork0.chnk0.main
2026-08-27 14:34:28 [runtime] (chunks_complete) ID.SRR9134555_run.SC_RNA_COUNTER_CS.SC_MULTI_CORE.MULTI_GEM_WELL_PROCESSOR.MAKE_VDJ_FILTER_SWITCH
2026-08-27 14:34:28 [runtime] (ready)           ID.SRR9134555_run.SC_RNA_COUNTER_CS.SC_MULTI_CORE.CREATE_MULTI_GRAPH
2026-08-27 14:34:28 [runtime] (chunks_complete) ID.SRR9134555_run.SC_RNA_COUNTER_CS.SC_MULTI_CORE.MULTI_CHEMISTRY_DETECTOR.CHECK_BARCODES_COMPATIBILITY
2026-08-27 14:34:28 [runtime] (chunks_complete) ID.SRR9134555_run.SC_RNA_COUNTER_CS.SC_MULTI_CORE.MULTI_GEM_WELL_PROCESSOR.COUNT_GEM_WELL_PROCESSOR.MULTI_SETUP_CHUNKS
2026-08-27 14:34:28 [runtime] (ready)           ID.SRR9134555_run.SC_RNA_COUNTER_CS.SC_MULTI_CORE.MULTI_GEM_WELL_PROCESSOR.COUNT_GEM_WELL_PROCESSOR._BASIC_SC_RNA_COUNTER._MATRIX_COMPUTER.MAKE_SHARD
2026-08-27 14:34:28 [runtime] (run:local)       ID.SRR9134555_run.SC_RNA_COUNTER_CS.SC_MULTI_CORE.MULTI_GEM_WELL_PROCESSOR.COUNT_GEM_WELL_PROCESSOR._BASIC_SC_RNA_COUNTER._MATRIX_COMPUTER.MAKE_SHARD.fork0.split
2026-08-27 14:34:33 [runtime] (split_complete)  ID.SRR9134555_run.SC_RNA_COUNTER_CS.SC_MULTI_CORE.MULTI_GEM_WELL_PROCESSOR.COUNT_GEM_WELL_PROCESSOR._BASIC_SC_RNA_COUNTER._MATRIX_COMPUTER.MAKE_SHARD
2026-08-27 14:34:33 [runtime] (run:local)       ID.SRR9134555_run.SC_RNA_COUNTER_CS.SC_MULTI_CORE.MULTI_GEM_WELL_PROCESSOR.COUNT_GEM_WELL_PROCESSOR._BASIC_SC_RNA_COUNTER._MATRIX_COMPUTER.MAKE_SHARD.fork0.chnk0.main
2026-08-27 14:39:13 [runtime] (chunks_complete) ID.SRR9134555_run.SC_RNA_COUNTER_CS.SC_MULTI_CORE.MULTI_GEM_WELL_PROCESSOR.COUNT_GEM_WELL_PROCESSOR._BASIC_SC_RNA_COUNTER._MATRIX_COMPUTER.MAKE_SHARD
2026-08-27 14:39:13 [runtime] (run:local)       ID.SRR9134555_run.SC_RNA_COUNTER_CS.SC_MULTI_CORE.MULTI_GEM_WELL_PROCESSOR.COUNT_GEM_WELL_PROCESSOR._BASIC_SC_RNA_COUNTER._MATRIX_COMPUTER.MAKE_SHARD.fork0.join
2026-08-27 14:39:14 [runtime] (join_complete)   ID.SRR9134555_run.SC_RNA_COUNTER_CS.SC_MULTI_CORE.MULTI_GEM_WELL_PROCESSOR.COUNT_GEM_WELL_PROCESSOR._BASIC_SC_RNA_COUNTER._MATRIX_COMPUTER.MAKE_SHARD
2026-08-27 14:39:14 [runtime] (ready)           ID.SRR9134555_run.SC_RNA_COUNTER_CS.SC_MULTI_CORE.MULTI_GEM_WELL_PROCESSOR.COUNT_GEM_WELL_PROCESSOR._BASIC_SC_RNA_COUNTER._MATRIX_COMPUTER.MAKE_CORRECTION_MAP
2026-08-27 14:39:14 [runtime] (run:local)       ID.SRR9134555_run.SC_RNA_COUNTER_CS.SC_MULTI_CORE.MULTI_GEM_WELL_PROCESSOR.COUNT_GEM_WELL_PROCESSOR._BASIC_SC_RNA_COUNTER._MATRIX_COMPUTER.MAKE_CORRECTION_MAP.fork0.split
2026-08-27 14:39:14 [runtime] (split_complete)  ID.SRR9134555_run.SC_RNA_COUNTER_CS.SC_MULTI_CORE.MULTI_GEM_WELL_PROCESSOR.COUNT_GEM_WELL_PROCESSOR._BASIC_SC_RNA_COUNTER._MATRIX_COMPUTER.MAKE_CORRECTION_MAP
2026-08-27 14:39:14 [runtime] (run:local)       ID.SRR9134555_run.SC_RNA_COUNTER_CS.SC_MULTI_CORE.MULTI_GEM_WELL_PROCESSOR.COUNT_GEM_WELL_PROCESSOR._BASIC_SC_RNA_COUNTER._MATRIX_COMPUTER.MAKE_CORRECTION_MAP.fork0.join
2026-08-27 14:39:14 [runtime] (join_complete)   ID.SRR9134555_run.SC_RNA_COUNTER_CS.SC_MULTI_CORE.MULTI_GEM_WELL_PROCESSOR.COUNT_GEM_WELL_PROCESSOR._BASIC_SC_RNA_COUNTER._MATRIX_COMPUTER.MAKE_CORRECTION_MAP
2026-08-27 14:39:14 [runtime] (ready)           ID.SRR9134555_run.SC_RNA_COUNTER_CS.SC_MULTI_CORE.MULTI_GEM_WELL_PROCESSOR.COUNT_GEM_WELL_PROCESSOR._BASIC_SC_RNA_COUNTER._MATRIX_COMPUTER.BARCODE_CORRECTION
2026-08-27 14:39:14 [runtime] (run:local)       ID.SRR9134555_run.SC_RNA_COUNTER_CS.SC_MULTI_CORE.MULTI_GEM_WELL_PROCESSOR.COUNT_GEM_WELL_PROCESSOR._BASIC_SC_RNA_COUNTER._MATRIX_COMPUTER.BARCODE_CORRECTION.fork0.split
2026-08-27 14:39:14 [runtime] (split_complete)  ID.SRR9134555_run.SC_RNA_COUNTER_CS.SC_MULTI_CORE.MULTI_GEM_WELL_PROCESSOR.COUNT_GEM_WELL_PROCESSOR._BASIC_SC_RNA_COUNTER._MATRIX_COMPUTER.BARCODE_CORRECTION
2026-08-27 14:39:14 [runtime] (run:local)       ID.SRR9134555_run.SC_RNA_COUNTER_CS.SC_MULTI_CORE.MULTI_GEM_WELL_PROCESSOR.COUNT_GEM_WELL_PROCESSOR._BASIC_SC_RNA_COUNTER._MATRIX_COMPUTER.BARCODE_CORRECTION.fork0.chnk0.main
2026-08-27 14:39:14 [runtime] (run:local)       ID.SRR9134555_run.SC_RNA_COUNTER_CS.SC_MULTI_CORE.MULTI_GEM_WELL_PROCESSOR.COUNT_GEM_WELL_PROCESSOR._BASIC_SC_RNA_COUNTER._MATRIX_COMPUTER.BARCODE_CORRECTION.fork0.chnk1.main
2026-08-27 14:39:14 [runtime] (run:local)       ID.SRR9134555_run.SC_RNA_COUNTER_CS.SC_MULTI_CORE.MULTI_GEM_WELL_PROCESSOR.COUNT_GEM_WELL_PROCESSOR._BASIC_SC_RNA_COUNTER._MATRIX_COMPUTER.BARCODE_CORRECTION.fork0.chnk2.main
2026-08-27 14:39:19 [runtime] (chunks_complete) ID.SRR9134555_run.SC_RNA_COUNTER_CS.SC_MULTI_CORE.MULTI_GEM_WELL_PROCESSOR.COUNT_GEM_WELL_PROCESSOR._BASIC_SC_RNA_COUNTER._MATRIX_COMPUTER.BARCODE_CORRECTION
2026-08-27 14:39:19 [runtime] (run:local)       ID.SRR9134555_run.SC_RNA_COUNTER_CS.SC_MULTI_CORE.MULTI_GEM_WELL_PROCESSOR.COUNT_GEM_WELL_PROCESSOR._BASIC_SC_RNA_COUNTER._MATRIX_COMPUTER.BARCODE_CORRECTION.fork0.join
2026-08-27 14:39:19 [runtime] (join_complete)   ID.SRR9134555_run.SC_RNA_COUNTER_CS.SC_MULTI_CORE.MULTI_GEM_WELL_PROCESSOR.COUNT_GEM_WELL_PROCESSOR._BASIC_SC_RNA_COUNTER._MATRIX_COMPUTER.BARCODE_CORRECTION
2026-08-27 14:39:19 [runtime] (ready)           ID.SRR9134555_run.SC_RNA_COUNTER_CS.SC_MULTI_CORE.MULTI_GEM_WELL_PROCESSOR.COUNT_GEM_WELL_PROCESSOR._BASIC_SC_RNA_COUNTER._MATRIX_COMPUTER._SLFE_PARTIAL_FIRST_PASS.SUBSAMPLE_BARCODES
2026-08-27 14:39:19 [runtime] (ready)           ID.SRR9134555_run.SC_RNA_COUNTER_CS.SC_MULTI_CORE.MULTI_GEM_WELL_PROCESSOR.COUNT_GEM_WELL_PROCESSOR._BASIC_SC_RNA_COUNTER._MATRIX_COMPUTER.WRITE_BARCODE_INDEX
2026-08-27 14:39:19 [runtime] (run:local)       ID.SRR9134555_run.SC_RNA_COUNTER_CS.SC_MULTI_CORE.MULTI_GEM_WELL_PROCESSOR.COUNT_GEM_WELL_PROCESSOR._BASIC_SC_RNA_COUNTER._MATRIX_COMPUTER.WRITE_BARCODE_INDEX.fork0.chnk0.main
2026-08-27 14:39:19 [runtime] (ready)           ID.SRR9134555_run.SC_RNA_COUNTER_CS.SC_MULTI_CORE.MULTI_GEM_WELL_PROCESSOR.COUNT_GEM_WELL_PROCESSOR._BASIC_SC_RNA_COUNTER._MATRIX_COMPUTER._SLFE_PARTIAL_FIRST_PASS.INITIAL_ALIGN_AND_COUNT
2026-08-27 14:39:19 [runtime] (ready)           ID.SRR9134555_run.SC_RNA_COUNTER_CS.SC_MULTI_CORE.MULTI_GEM_WELL_PROCESSOR.COUNT_GEM_WELL_PROCESSOR._BASIC_SC_RNA_COUNTER._MATRIX_COMPUTER._SLFE_PARTIAL_FIRST_PASS.SET_TARGETED_UMI_FILTER
2026-08-27 14:39:20 [runtime] (ready)           ID.SRR9134555_run.SC_RNA_COUNTER_CS.SC_MULTI_CORE.MULTI_GEM_WELL_PROCESSOR.COUNT_GEM_WELL_PROCESSOR._BASIC_SC_RNA_COUNTER._MATRIX_COMPUTER.ALIGN_AND_COUNT
2026-08-27 14:39:20 [runtime] (run:local)       ID.SRR9134555_run.SC_RNA_COUNTER_CS.SC_MULTI_CORE.MULTI_GEM_WELL_PROCESSOR.COUNT_GEM_WELL_PROCESSOR._BASIC_SC_RNA_COUNTER._MATRIX_COMPUTER.ALIGN_AND_COUNT.fork0.split
2026-08-27 14:39:20 [runtime] (chunks_complete) ID.SRR9134555_run.SC_RNA_COUNTER_CS.SC_MULTI_CORE.MULTI_GEM_WELL_PROCESSOR.COUNT_GEM_WELL_PROCESSOR._BASIC_SC_RNA_COUNTER._MATRIX_COMPUTER.WRITE_BARCODE_INDEX
2026-08-27 14:39:20 [runtime] (split_complete)  ID.SRR9134555_run.SC_RNA_COUNTER_CS.SC_MULTI_CORE.MULTI_GEM_WELL_PROCESSOR.COUNT_GEM_WELL_PROCESSOR._BASIC_SC_RNA_COUNTER._MATRIX_COMPUTER.ALIGN_AND_COUNT
2026-08-27 14:39:20 [runtime] (run:local)       ID.SRR9134555_run.SC_RNA_COUNTER_CS.SC_MULTI_CORE.MULTI_GEM_WELL_PROCESSOR.COUNT_GEM_WELL_PROCESSOR._BASIC_SC_RNA_COUNTER._MATRIX_COMPUTER.ALIGN_AND_COUNT.fork0.chnk0.main
2026-08-27 14:39:20 [runtime] (run:local)       ID.SRR9134555_run.SC_RNA_COUNTER_CS.SC_MULTI_CORE.MULTI_GEM_WELL_PROCESSOR.COUNT_GEM_WELL_PROCESSOR._BASIC_SC_RNA_COUNTER._MATRIX_COMPUTER.ALIGN_AND_COUNT.fork0.chnk1.main
2026-08-27 14:39:20 [runtime] (run:local)       ID.SRR9134555_run.SC_RNA_COUNTER_CS.SC_MULTI_CORE.MULTI_GEM_WELL_PROCESSOR.COUNT_GEM_WELL_PROCESSOR._BASIC_SC_RNA_COUNTER._MATRIX_COMPUTER.ALIGN_AND_COUNT.fork0.chnk2.main
2026-08-27 14:44:58 [runtime] (update)          ID.SRR9134555_run.SC_RNA_COUNTER_CS.SC_MULTI_CORE.MULTI_GEM_WELL_PROCESSOR.COUNT_GEM_WELL_PROCESSOR._BASIC_SC_RNA_COUNTER._MATRIX_COMPUTER.ALIGN_AND_COUNT.fork0 chunks running (1/3 completed)
2026-08-27 14:45:48 [runtime] (chunks_complete) ID.SRR9134555_run.SC_RNA_COUNTER_CS.SC_MULTI_CORE.MULTI_GEM_WELL_PROCESSOR.COUNT_GEM_WELL_PROCESSOR._BASIC_SC_RNA_COUNTER._MATRIX_COMPUTER.ALIGN_AND_COUNT
2026-08-27 14:45:48 [runtime] (run:local)       ID.SRR9134555_run.SC_RNA_COUNTER_CS.SC_MULTI_CORE.MULTI_GEM_WELL_PROCESSOR.COUNT_GEM_WELL_PROCESSOR._BASIC_SC_RNA_COUNTER._MATRIX_COMPUTER.ALIGN_AND_COUNT.fork0.join
2026-08-27 14:45:48 [runtime] (join_complete)   ID.SRR9134555_run.SC_RNA_COUNTER_CS.SC_MULTI_CORE.MULTI_GEM_WELL_PROCESSOR.COUNT_GEM_WELL_PROCESSOR._BASIC_SC_RNA_COUNTER._MATRIX_COMPUTER.ALIGN_AND_COUNT
2026-08-27 14:45:49 [runtime] (ready)           ID.SRR9134555_run.SC_RNA_COUNTER_CS.SC_MULTI_CORE.MULTI_GEM_WELL_PROCESSOR.COUNT_GEM_WELL_PROCESSOR._BASIC_SC_RNA_COUNTER._MATRIX_COMPUTER.WRITE_BARCODE_SUMMARY
2026-08-27 14:45:49 [runtime] (run:local)       ID.SRR9134555_run.SC_RNA_COUNTER_CS.SC_MULTI_CORE.MULTI_GEM_WELL_PROCESSOR.COUNT_GEM_WELL_PROCESSOR._BASIC_SC_RNA_COUNTER._MATRIX_COMPUTER.WRITE_BARCODE_SUMMARY.fork0.chnk0.main
2026-08-27 14:45:49 [runtime] (ready)           ID.SRR9134555_run.SC_RNA_COUNTER_CS.SC_MULTI_CORE.MULTI_GEM_WELL_PROCESSOR.COUNT_GEM_WELL_PROCESSOR._BASIC_SC_RNA_COUNTER._MATRIX_COMPUTER.WRITE_MATRIX_MARKET
2026-08-27 14:45:49 [runtime] (run:local)       ID.SRR9134555_run.SC_RNA_COUNTER_CS.SC_MULTI_CORE.MULTI_GEM_WELL_PROCESSOR.COUNT_GEM_WELL_PROCESSOR._BASIC_SC_RNA_COUNTER._MATRIX_COMPUTER.WRITE_MATRIX_MARKET.fork0.chnk0.main
2026-08-27 14:45:49 [runtime] (ready)           ID.SRR9134555_run.SC_RNA_COUNTER_CS.SC_MULTI_CORE.MULTI_GEM_WELL_PROCESSOR.COUNT_GEM_WELL_PROCESSOR._BASIC_SC_RNA_COUNTER._MATRIX_COMPUTER.WRITE_H5_MATRIX
2026-08-27 14:45:49 [runtime] (run:local)       ID.SRR9134555_run.SC_RNA_COUNTER_CS.SC_MULTI_CORE.MULTI_GEM_WELL_PROCESSOR.COUNT_GEM_WELL_PROCESSOR._BASIC_SC_RNA_COUNTER._MATRIX_COMPUTER.WRITE_H5_MATRIX.fork0.chnk0.main
2026-08-27 14:45:49 [runtime] (ready)           ID.SRR9134555_run.SC_RNA_COUNTER_CS.SC_MULTI_CORE.MULTI_GEM_WELL_PROCESSOR.COUNT_GEM_WELL_PROCESSOR._BASIC_SC_RNA_COUNTER._MATRIX_COMPUTER.COLLATE_METRICS
2026-08-27 14:45:49 [runtime] (run:local)       ID.SRR9134555_run.SC_RNA_COUNTER_CS.SC_MULTI_CORE.MULTI_GEM_WELL_PROCESSOR.COUNT_GEM_WELL_PROCESSOR._BASIC_SC_RNA_COUNTER._MATRIX_COMPUTER.COLLATE_METRICS.fork0.split
2026-08-27 14:45:49 [runtime] (split_complete)  ID.SRR9134555_run.SC_RNA_COUNTER_CS.SC_MULTI_CORE.MULTI_GEM_WELL_PROCESSOR.COUNT_GEM_WELL_PROCESSOR._BASIC_SC_RNA_COUNTER._MATRIX_COMPUTER.COLLATE_METRICS
2026-08-27 14:45:49 [runtime] (run:local)       ID.SRR9134555_run.SC_RNA_COUNTER_CS.SC_MULTI_CORE.MULTI_GEM_WELL_PROCESSOR.COUNT_GEM_WELL_PROCESSOR._BASIC_SC_RNA_COUNTER._MATRIX_COMPUTER.COLLATE_METRICS.fork0.chnk0.main
2026-08-27 14:45:50 [runtime] (chunks_complete) ID.SRR9134555_run.SC_RNA_COUNTER_CS.SC_MULTI_CORE.MULTI_GEM_WELL_PROCESSOR.COUNT_GEM_WELL_PROCESSOR._BASIC_SC_RNA_COUNTER._MATRIX_COMPUTER.WRITE_BARCODE_SUMMARY
2026-08-27 14:45:51 [runtime] (chunks_complete) ID.SRR9134555_run.SC_RNA_COUNTER_CS.SC_MULTI_CORE.MULTI_GEM_WELL_PROCESSOR.COUNT_GEM_WELL_PROCESSOR._BASIC_SC_RNA_COUNTER._MATRIX_COMPUTER.COLLATE_METRICS
2026-08-27 14:45:51 [runtime] (run:local)       ID.SRR9134555_run.SC_RNA_COUNTER_CS.SC_MULTI_CORE.MULTI_GEM_WELL_PROCESSOR.COUNT_GEM_WELL_PROCESSOR._BASIC_SC_RNA_COUNTER._MATRIX_COMPUTER.COLLATE_METRICS.fork0.join
2026-08-27 14:45:51 [runtime] (join_complete)   ID.SRR9134555_run.SC_RNA_COUNTER_CS.SC_MULTI_CORE.MULTI_GEM_WELL_PROCESSOR.COUNT_GEM_WELL_PROCESSOR._BASIC_SC_RNA_COUNTER._MATRIX_COMPUTER.COLLATE_METRICS
2026-08-27 14:45:51 [runtime] (ready)           ID.SRR9134555_run.SC_RNA_COUNTER_CS.SC_MULTI_CORE.MULTI_GEM_WELL_PROCESSOR.COUNT_GEM_WELL_PROCESSOR._BASIC_SC_RNA_COUNTER._MATRIX_COMPUTER.MERGE_METRICS
2026-08-27 14:45:51 [runtime] (run:local)       ID.SRR9134555_run.SC_RNA_COUNTER_CS.SC_MULTI_CORE.MULTI_GEM_WELL_PROCESSOR.COUNT_GEM_WELL_PROCESSOR._BASIC_SC_RNA_COUNTER._MATRIX_COMPUTER.MERGE_METRICS.fork0.chnk0.main
2026-08-27 14:45:51 [runtime] (chunks_complete) ID.SRR9134555_run.SC_RNA_COUNTER_CS.SC_MULTI_CORE.MULTI_GEM_WELL_PROCESSOR.COUNT_GEM_WELL_PROCESSOR._BASIC_SC_RNA_COUNTER._MATRIX_COMPUTER.MERGE_METRICS
2026-08-27 14:45:53 [runtime] (chunks_complete) ID.SRR9134555_run.SC_RNA_COUNTER_CS.SC_MULTI_CORE.MULTI_GEM_WELL_PROCESSOR.COUNT_GEM_WELL_PROCESSOR._BASIC_SC_RNA_COUNTER._MATRIX_COMPUTER.WRITE_MATRIX_MARKET
2026-08-27 14:45:53 [runtime] (chunks_complete) ID.SRR9134555_run.SC_RNA_COUNTER_CS.SC_MULTI_CORE.MULTI_GEM_WELL_PROCESSOR.COUNT_GEM_WELL_PROCESSOR._BASIC_SC_RNA_COUNTER._MATRIX_COMPUTER.WRITE_H5_MATRIX
2026-08-27 14:45:53 [runtime] (ready)           ID.SRR9134555_run.SC_RNA_COUNTER_CS.SC_MULTI_CORE.MULTI_GEM_WELL_PROCESSOR.COUNT_GEM_WELL_PROCESSOR._BASIC_SC_RNA_COUNTER.DISABLE_STAGES
2026-08-27 14:45:53 [runtime] (run:local)       ID.SRR9134555_run.SC_RNA_COUNTER_CS.SC_MULTI_CORE.MULTI_GEM_WELL_PROCESSOR.COUNT_GEM_WELL_PROCESSOR._BASIC_SC_RNA_COUNTER.DISABLE_STAGES.fork0.chnk0.main
2026-08-27 14:45:53 [runtime] (ready)           ID.SRR9134555_run.SC_RNA_COUNTER_CS.SC_MULTI_CORE.MULTI_GEM_WELL_PROCESSOR.COUNT_GEM_WELL_PROCESSOR._BASIC_SC_RNA_COUNTER.FILTER_BARCODES
2026-08-27 14:45:53 [runtime] (run:local)       ID.SRR9134555_run.SC_RNA_COUNTER_CS.SC_MULTI_CORE.MULTI_GEM_WELL_PROCESSOR.COUNT_GEM_WELL_PROCESSOR._BASIC_SC_RNA_COUNTER.FILTER_BARCODES.fork0.split
2026-08-27 14:45:55 [runtime] (chunks_complete) ID.SRR9134555_run.SC_RNA_COUNTER_CS.SC_MULTI_CORE.MULTI_GEM_WELL_PROCESSOR.COUNT_GEM_WELL_PROCESSOR._BASIC_SC_RNA_COUNTER.DISABLE_STAGES
2026-08-27 14:45:55 [runtime] (ready)           ID.SRR9134555_run.SC_RNA_COUNTER_CS.SC_MULTI_CORE.MULTI_GEM_WELL_PROCESSOR.COUNT_GEM_WELL_PROCESSOR._BASIC_SC_RNA_COUNTER._ASSIGN_TAGS.MULTIPLEXING_METHOD
2026-08-27 14:45:55 [runtime] (ready)           ID.SRR9134555_run.SC_RNA_COUNTER_CS.SC_MULTI_CORE.MULTI_GEM_WELL_PROCESSOR.COUNT_GEM_WELL_PROCESSOR._BASIC_SC_RNA_COUNTER.WRITE_POS_BAM
2026-08-27 14:45:55 [runtime] (run:local)       ID.SRR9134555_run.SC_RNA_COUNTER_CS.SC_MULTI_CORE.MULTI_GEM_WELL_PROCESSOR.COUNT_GEM_WELL_PROCESSOR._BASIC_SC_RNA_COUNTER.WRITE_POS_BAM.fork0.split
2026-08-27 14:45:55 [runtime] (ready)           ID.SRR9134555_run.SC_RNA_COUNTER_CS.SC_MULTI_CORE.MULTI_GEM_WELL_PROCESSOR.COUNT_GEM_WELL_PROCESSOR._BASIC_SC_RNA_COUNTER._ASSIGN_TAGS.CALL_TAGS_OH
2026-08-27 14:45:55 [runtime] (split_complete)  ID.SRR9134555_run.SC_RNA_COUNTER_CS.SC_MULTI_CORE.MULTI_GEM_WELL_PROCESSOR.COUNT_GEM_WELL_PROCESSOR._BASIC_SC_RNA_COUNTER.FILTER_BARCODES
2026-08-27 14:45:56 [runtime] (run:local)       ID.SRR9134555_run.SC_RNA_COUNTER_CS.SC_MULTI_CORE.MULTI_GEM_WELL_PROCESSOR.COUNT_GEM_WELL_PROCESSOR._BASIC_SC_RNA_COUNTER.FILTER_BARCODES.fork0.chnk0.main
2026-08-27 14:45:56 [runtime] (split_complete)  ID.SRR9134555_run.SC_RNA_COUNTER_CS.SC_MULTI_CORE.MULTI_GEM_WELL_PROCESSOR.COUNT_GEM_WELL_PROCESSOR._BASIC_SC_RNA_COUNTER.WRITE_POS_BAM
2026-08-27 14:45:56 [runtime] (run:local)       ID.SRR9134555_run.SC_RNA_COUNTER_CS.SC_MULTI_CORE.MULTI_GEM_WELL_PROCESSOR.COUNT_GEM_WELL_PROCESSOR._BASIC_SC_RNA_COUNTER.WRITE_POS_BAM.fork0.chnk0.main
2026-08-27 14:45:56 [runtime] (run:local)       ID.SRR9134555_run.SC_RNA_COUNTER_CS.SC_MULTI_CORE.MULTI_GEM_WELL_PROCESSOR.COUNT_GEM_WELL_PROCESSOR._BASIC_SC_RNA_COUNTER.WRITE_POS_BAM.fork0.chnk1.main
2026-08-27 14:45:56 [runtime] (run:local)       ID.SRR9134555_run.SC_RNA_COUNTER_CS.SC_MULTI_CORE.MULTI_GEM_WELL_PROCESSOR.COUNT_GEM_WELL_PROCESSOR._BASIC_SC_RNA_COUNTER.WRITE_POS_BAM.fork0.chnk2.main
2026-08-27 14:47:05 [runtime] (chunks_complete) ID.SRR9134555_run.SC_RNA_COUNTER_CS.SC_MULTI_CORE.MULTI_GEM_WELL_PROCESSOR.COUNT_GEM_WELL_PROCESSOR._BASIC_SC_RNA_COUNTER.FILTER_BARCODES
2026-08-27 14:47:05 [runtime] (run:local)       ID.SRR9134555_run.SC_RNA_COUNTER_CS.SC_MULTI_CORE.MULTI_GEM_WELL_PROCESSOR.COUNT_GEM_WELL_PROCESSOR._BASIC_SC_RNA_COUNTER.FILTER_BARCODES.fork0.join
2026-08-27 14:47:12 [runtime] (join_complete)   ID.SRR9134555_run.SC_RNA_COUNTER_CS.SC_MULTI_CORE.MULTI_GEM_WELL_PROCESSOR.COUNT_GEM_WELL_PROCESSOR._BASIC_SC_RNA_COUNTER.FILTER_BARCODES
2026-08-27 14:47:12 [runtime] (ready)           ID.SRR9134555_run.SC_RNA_COUNTER_CS.SC_MULTI_CORE.MULTI_GEM_WELL_PROCESSOR.COUNT_GEM_WELL_PROCESSOR._BASIC_SC_RNA_COUNTER._ASSIGN_TAGS.CALL_TAGS_RTL
2026-08-27 14:47:12 [runtime] (ready)           ID.SRR9134555_run.SC_RNA_COUNTER_CS.SC_MULTI_CORE.MULTI_GEM_WELL_PROCESSOR.VDJ_T_GEM_WELL_PROCESSOR.LIB_VDJ_ANALYZER.SETUP_VDJ_ANALYSIS
2026-08-27 14:47:12 [runtime] (ready)           ID.SRR9134555_run.SC_RNA_COUNTER_CS.SC_MULTI_CORE.MULTI_GEM_WELL_PROCESSOR.COUNT_GEM_WELL_PROCESSOR._BASIC_SC_RNA_COUNTER.INFER_GEM_WELL_THROUGHPUT
2026-08-27 14:47:12 [runtime] (run:local)       ID.SRR9134555_run.SC_RNA_COUNTER_CS.SC_MULTI_CORE.MULTI_GEM_WELL_PROCESSOR.COUNT_GEM_WELL_PROCESSOR._BASIC_SC_RNA_COUNTER.INFER_GEM_WELL_THROUGHPUT.fork0.chnk0.main
2026-08-27 14:47:13 [runtime] (ready)           ID.SRR9134555_run.SC_RNA_COUNTER_CS.SC_MULTI_CORE.MULTI_GEM_WELL_PROCESSOR.COUNT_GEM_WELL_PROCESSOR._BASIC_SC_RNA_COUNTER.CHECK_CORRECTION_FACTOR
2026-08-27 14:47:13 [runtime] (run:local)       ID.SRR9134555_run.SC_RNA_COUNTER_CS.SC_MULTI_CORE.MULTI_GEM_WELL_PROCESSOR.COUNT_GEM_WELL_PROCESSOR._BASIC_SC_RNA_COUNTER.CHECK_CORRECTION_FACTOR.fork0.chnk0.main
2026-08-27 14:47:13 [runtime] (ready)           ID.SRR9134555_run.SC_RNA_COUNTER_CS.SC_MULTI_CORE.MULTI_GEM_WELL_PROCESSOR.COUNT_GEM_WELL_PROCESSOR._BASIC_SC_RNA_COUNTER.COLLATE_PROBE_METRICS
2026-08-27 14:47:13 [runtime] (ready)           ID.SRR9134555_run.SC_RNA_COUNTER_CS.SC_MULTI_CORE.MULTI_GEM_WELL_PROCESSOR.VDJ_B_GEM_WELL_PROCESSOR.LIB_VDJ_ANALYZER.SETUP_VDJ_ANALYSIS
2026-08-27 14:47:13 [runtime] (ready)           ID.SRR9134555_run.SC_RNA_COUNTER_CS.SC_MULTI_CORE.COUNT_ANALYZER.DISABLE_SECONDARY_ANALYSIS
2026-08-27 14:47:13 [runtime] (run:local)       ID.SRR9134555_run.SC_RNA_COUNTER_CS.SC_MULTI_CORE.COUNT_ANALYZER.DISABLE_SECONDARY_ANALYSIS.fork0.chnk0.main
2026-08-27 14:47:13 [runtime] (ready)           ID.SRR9134555_run.SC_RNA_COUNTER_CS.SC_MULTI_CORE.MULTI_GEM_WELL_PROCESSOR.VDJ_T_GD_GEM_WELL_PROCESSOR.LIB_VDJ_ANALYZER.SETUP_VDJ_ANALYSIS
2026-08-27 14:47:13 [runtime] (ready)           ID.SRR9134555_run.SC_RNA_COUNTER_CS.SC_MULTI_CORE.MULTI_GEM_WELL_PROCESSOR.COUNT_GEM_WELL_PROCESSOR._BASIC_SC_RNA_COUNTER._CELLS_REPORTER.WRITE_MOLECULE_INFO
2026-08-27 14:47:13 [runtime] (run:local)       ID.SRR9134555_run.SC_RNA_COUNTER_CS.SC_MULTI_CORE.MULTI_GEM_WELL_PROCESSOR.COUNT_GEM_WELL_PROCESSOR._BASIC_SC_RNA_COUNTER._CELLS_REPORTER.WRITE_MOLECULE_INFO.fork0.split
2026-08-27 14:47:13 [runtime] (ready)           ID.SRR9134555_run.SC_RNA_COUNTER_CS.SC_MULTI_CORE.MULTI_GEM_WELL_PROCESSOR.VDJ_T_GEM_WELL_PROCESSOR.LIB_VDJ_ANALYZER.VDJ_CALL_CELLS.ASM_CALL_CELLS
2026-08-27 14:47:13 [runtime] (split_complete)  ID.SRR9134555_run.SC_RNA_COUNTER_CS.SC_MULTI_CORE.MULTI_GEM_WELL_PROCESSOR.COUNT_GEM_WELL_PROCESSOR._BASIC_SC_RNA_COUNTER._CELLS_REPORTER.WRITE_MOLECULE_INFO
2026-08-27 14:47:13 [runtime] (run:local)       ID.SRR9134555_run.SC_RNA_COUNTER_CS.SC_MULTI_CORE.MULTI_GEM_WELL_PROCESSOR.COUNT_GEM_WELL_PROCESSOR._BASIC_SC_RNA_COUNTER._CELLS_REPORTER.WRITE_MOLECULE_INFO.fork0.join
2026-08-27 14:47:14 [runtime] (ready)           ID.SRR9134555_run.SC_RNA_COUNTER_CS.SC_MULTI_CORE.MULTI_GEM_WELL_PROCESSOR.VDJ_B_GEM_WELL_PROCESSOR.LIB_VDJ_ANALYZER.VDJ_CALL_CELLS.ASM_CALL_CELLS
2026-08-27 14:47:14 [runtime] (ready)           ID.SRR9134555_run.SC_RNA_COUNTER_CS.SC_MULTI_CORE.MULTI_GEM_WELL_PROCESSOR.VDJ_T_GD_GEM_WELL_PROCESSOR.LIB_VDJ_ANALYZER.VDJ_CALL_CELLS.ASM_CALL_CELLS
2026-08-27 14:47:14 [runtime] (chunks_complete) ID.SRR9134555_run.SC_RNA_COUNTER_CS.SC_MULTI_CORE.MULTI_GEM_WELL_PROCESSOR.COUNT_GEM_WELL_PROCESSOR._BASIC_SC_RNA_COUNTER.CHECK_CORRECTION_FACTOR
2026-08-27 14:47:14 [runtime] (ready)           ID.SRR9134555_run.SC_RNA_COUNTER_CS.SC_MULTI_CORE.MULTI_GEM_WELL_PROCESSOR.VDJ_T_GD_GEM_WELL_PROCESSOR.MERGE_PER_SAMPLE_ANNOTATIONS
2026-08-27 14:47:14 [runtime] (ready)           ID.SRR9134555_run.SC_RNA_COUNTER_CS.SC_MULTI_CORE.MULTI_GEM_WELL_PROCESSOR.VDJ_T_GEM_WELL_PROCESSOR.MERGE_PER_SAMPLE_ANNOTATIONS
2026-08-27 14:47:14 [runtime] (ready)           ID.SRR9134555_run.SC_RNA_COUNTER_CS.SC_MULTI_CORE.MULTI_GEM_WELL_PROCESSOR.VDJ_T_GEM_WELL_PROCESSOR.LIB_VDJ_ANALYZER.VDJ_CALL_CELLS.HANDLE_GEX_CELLS
2026-08-27 14:47:14 [runtime] (chunks_complete) ID.SRR9134555_run.SC_RNA_COUNTER_CS.SC_MULTI_CORE.COUNT_ANALYZER.DISABLE_SECONDARY_ANALYSIS
2026-08-27 14:47:15 [runtime] (ready)           ID.SRR9134555_run.SC_RNA_COUNTER_CS.SC_MULTI_CORE.MULTI_GEM_WELL_PROCESSOR.VDJ_T_GD_GEM_WELL_PROCESSOR.LIB_VDJ_ANALYZER.VDJ_CALL_CELLS.HANDLE_GEX_CELLS
2026-08-27 14:47:15 [runtime] (ready)           ID.SRR9134555_run.SC_RNA_COUNTER_CS.SC_MULTI_CORE.MULTI_GEM_WELL_PROCESSOR.VDJ_B_GEM_WELL_PROCESSOR.LIB_VDJ_ANALYZER.VDJ_CALL_CELLS.HANDLE_GEX_CELLS
2026-08-27 14:47:15 [runtime] (ready)           ID.SRR9134555_run.SC_RNA_COUNTER_CS.SC_MULTI_CORE.MULTI_GEM_WELL_PROCESSOR.VDJ_B_GEM_WELL_PROCESSOR.MERGE_PER_SAMPLE_ANNOTATIONS
2026-08-27 14:47:15 [runtime] (ready)           ID.SRR9134555_run.SC_RNA_COUNTER_CS.SC_MULTI_CORE.MULTI_GEM_WELL_PROCESSOR.VDJ_T_GEM_WELL_PROCESSOR.LIB_VDJ_ANALYZER.SUBSET_ASSEMBLY_OUTS
2026-08-27 14:47:15 [runtime] (ready)           ID.SRR9134555_run.SC_RNA_COUNTER_CS.SC_MULTI_CORE.MULTI_GEM_WELL_PROCESSOR.VDJ_T_GD_GEM_WELL_PROCESSOR.LIB_VDJ_ANALYZER.SUBSET_ASSEMBLY_OUTS
2026-08-27 14:47:15 [runtime] (ready)           ID.SRR9134555_run.SC_RNA_COUNTER_CS.SC_MULTI_CORE.MULTI_GEM_WELL_PROCESSOR.VDJ_B_GEM_WELL_PROCESSOR.LIB_VDJ_ANALYZER.SUBSET_ASSEMBLY_OUTS
2026-08-27 14:47:15 [runtime] (chunks_complete) ID.SRR9134555_run.SC_RNA_COUNTER_CS.SC_MULTI_CORE.MULTI_GEM_WELL_PROCESSOR.COUNT_GEM_WELL_PROCESSOR._BASIC_SC_RNA_COUNTER.INFER_GEM_WELL_THROUGHPUT
2026-08-27 14:47:15 [runtime] (ready)           ID.SRR9134555_run.SC_RNA_COUNTER_CS.SC_MULTI_CORE.MULTI_GEM_WELL_PROCESSOR.VDJ_B_GEM_WELL_PROCESSOR.LIB_VDJ_ANALYZER.CLONOTYPE_ASSIGNER.RUN_ENCLONE
2026-08-27 14:47:15 [runtime] (ready)           ID.SRR9134555_run.SC_RNA_COUNTER_CS.SC_MULTI_CORE.MULTI_GEM_WELL_PROCESSOR.COUNT_GEM_WELL_PROCESSOR._BASIC_SC_RNA_COUNTER._ASSIGN_TAGS.CALL_TAGS_MARGINAL
2026-08-27 14:47:15 [runtime] (ready)           ID.SRR9134555_run.SC_RNA_COUNTER_CS.SC_MULTI_CORE.PICK_BEAM_ANALYZER
2026-08-27 14:47:15 [runtime] (ready)           ID.SRR9134555_run.SC_RNA_COUNTER_CS.SC_MULTI_CORE.MULTI_GEM_WELL_PROCESSOR.VDJ_B_GEM_WELL_PROCESSOR.LIB_VDJ_ANALYZER.CLONOTYPE_ASSIGNER.FILL_CLONOTYPE_INFO
2026-08-27 14:47:15 [runtime] (ready)           ID.SRR9134555_run.SC_RNA_COUNTER_CS.SC_MULTI_CORE.MULTI_GEM_WELL_PROCESSOR.VDJ_B_GEM_WELL_PROCESSOR.LIB_VDJ_ANALYZER.CLONOTYPE_ASSIGNER.WRITE_CONSENSUS_TXT
2026-08-27 14:47:15 [runtime] (ready)           ID.SRR9134555_run.SC_RNA_COUNTER_CS.SC_MULTI_CORE.MULTI_GEM_WELL_PROCESSOR.VDJ_T_GEM_WELL_PROCESSOR.LIB_VDJ_ANALYZER.CLONOTYPE_ASSIGNER.RUN_ENCLONE
2026-08-27 14:47:15 [runtime] (ready)           ID.SRR9134555_run.SC_RNA_COUNTER_CS.SC_MULTI_CORE.MULTI_GEM_WELL_PROCESSOR.VDJ_B_GEM_WELL_PROCESSOR.LIB_VDJ_ANALYZER.CLONOTYPE_ASSIGNER.WRITE_CLONOTYPE_OUTS
2026-08-27 14:47:15 [runtime] (ready)           ID.SRR9134555_run.SC_RNA_COUNTER_CS.SC_MULTI_CORE.MULTI_GEM_WELL_PROCESSOR.VDJ_T_GD_GEM_WELL_PROCESSOR.LIB_VDJ_ANALYZER.CLONOTYPE_ASSIGNER.RUN_ENCLONE
2026-08-27 14:47:15 [runtime] (ready)           ID.SRR9134555_run.SC_RNA_COUNTER_CS.SC_MULTI_CORE.MULTI_GEM_WELL_PROCESSOR.VDJ_T_GEM_WELL_PROCESSOR.LIB_VDJ_ANALYZER.CLONOTYPE_ASSIGNER.WRITE_CONSENSUS_TXT
2026-08-27 14:47:15 [runtime] (ready)           ID.SRR9134555_run.SC_RNA_COUNTER_CS.SC_MULTI_CORE.MULTI_GEM_WELL_PROCESSOR.VDJ_T_GEM_WELL_PROCESSOR.LIB_VDJ_ANALYZER.CLONOTYPE_ASSIGNER.WRITE_CLONOTYPE_OUTS
2026-08-27 14:47:15 [runtime] (ready)           ID.SRR9134555_run.SC_RNA_COUNTER_CS.SC_MULTI_CORE.MULTI_GEM_WELL_PROCESSOR.VDJ_B_GEM_WELL_PROCESSOR.LIB_VDJ_ANALYZER.HANDLE_NO_CLONOTYPING
2026-08-27 14:47:15 [runtime] (ready)           ID.SRR9134555_run.SC_RNA_COUNTER_CS.SC_MULTI_CORE.MULTI_GEM_WELL_PROCESSOR.VDJ_B_GEM_WELL_PROCESSOR.LIB_VDJ_ANALYZER.CLONOTYPE_ASSIGNER.WRITE_CONSENSUS_BAM
2026-08-27 14:47:15 [runtime] (ready)           ID.SRR9134555_run.SC_RNA_COUNTER_CS.SC_MULTI_CORE.MULTI_GEM_WELL_PROCESSOR.VDJ_B_GEM_WELL_PROCESSOR.LIB_VDJ_ANALYZER.CLONOTYPE_ASSIGNER.WRITE_CONCAT_REF_OUTS
2026-08-27 14:47:16 [runtime] (ready)           ID.SRR9134555_run.SC_RNA_COUNTER_CS.SC_MULTI_CORE.MULTI_GEM_WELL_PROCESSOR.VDJ_T_GEM_WELL_PROCESSOR.LIB_VDJ_ANALYZER.CLONOTYPE_ASSIGNER.FILL_CLONOTYPE_INFO
2026-08-27 14:47:16 [runtime] (ready)           ID.SRR9134555_run.SC_RNA_COUNTER_CS.SC_MULTI_CORE.MULTI_GEM_WELL_PROCESSOR.VDJ_B_GEM_WELL_PROCESSOR.LIB_VDJ_ANALYZER.WRITE_CONTIG_OUTS
2026-08-27 14:47:16 [runtime] (ready)           ID.SRR9134555_run.SC_RNA_COUNTER_CS.SC_MULTI_CORE.MULTI_GEM_WELL_PROCESSOR.VDJ_T_GD_GEM_WELL_PROCESSOR.LIB_VDJ_ANALYZER.CLONOTYPE_ASSIGNER.WRITE_CONSENSUS_TXT
2026-08-27 14:47:16 [runtime] (ready)           ID.SRR9134555_run.SC_RNA_COUNTER_CS.SC_MULTI_CORE.MULTI_GEM_WELL_PROCESSOR.VDJ_B_GEM_WELL_PROCESSOR.LIB_VDJ_ANALYZER.WRITE_ANN_CSV
2026-08-27 14:47:16 [runtime] (ready)           ID.SRR9134555_run.SC_RNA_COUNTER_CS.SC_MULTI_CORE.MULTI_GEM_WELL_PROCESSOR.VDJ_T_GD_GEM_WELL_PROCESSOR.LIB_VDJ_ANALYZER.CLONOTYPE_ASSIGNER.WRITE_CLONOTYPE_OUTS
2026-08-27 14:47:16 [runtime] (ready)           ID.SRR9134555_run.SC_RNA_COUNTER_CS.SC_MULTI_CORE.MULTI_GEM_WELL_PROCESSOR.VDJ_T_GD_GEM_WELL_PROCESSOR.LIB_VDJ_ANALYZER.CLONOTYPE_ASSIGNER.FILL_CLONOTYPE_INFO
2026-08-27 14:47:16 [runtime] (ready)           ID.SRR9134555_run.SC_RNA_COUNTER_CS.SC_MULTI_CORE.MULTI_GEM_WELL_PROCESSOR.VDJ_T_GEM_WELL_PROCESSOR.LIB_VDJ_ANALYZER.CLONOTYPE_ASSIGNER.WRITE_CONCAT_REF_OUTS
2026-08-27 14:47:16 [runtime] (ready)           ID.SRR9134555_run.SC_RNA_COUNTER_CS.SC_MULTI_CORE.MULTI_GEM_WELL_PROCESSOR.VDJ_B_GEM_WELL_PROCESSOR.LIB_VDJ_ANALYZER.SUMMARIZE_VDJ_FILTERS
2026-08-27 14:47:16 [runtime] (ready)           ID.SRR9134555_run.SC_RNA_COUNTER_CS.SC_MULTI_CORE.MULTI_GEM_WELL_PROCESSOR.VDJ_T_GD_GEM_WELL_PROCESSOR.LIB_VDJ_ANALYZER.CLONOTYPE_ASSIGNER.WRITE_CONSENSUS_BAM
2026-08-27 14:47:16 [runtime] (ready)           ID.SRR9134555_run.SC_RNA_COUNTER_CS.SC_MULTI_CORE.MULTI_GEM_WELL_PROCESSOR.VDJ_T_GEM_WELL_PROCESSOR.LIB_VDJ_ANALYZER.CLONOTYPE_ASSIGNER.WRITE_CONSENSUS_BAM
2026-08-27 14:47:16 [runtime] (ready)           ID.SRR9134555_run.SC_RNA_COUNTER_CS.SC_MULTI_CORE.MULTI_GEM_WELL_PROCESSOR.VDJ_T_GD_GEM_WELL_PROCESSOR.LIB_VDJ_ANALYZER.HANDLE_NO_CLONOTYPING
2026-08-27 14:47:16 [runtime] (ready)           ID.SRR9134555_run.SC_RNA_COUNTER_CS.SC_MULTI_CORE.MULTI_GEM_WELL_PROCESSOR.VDJ_B_GEM_WELL_PROCESSOR.LIB_VDJ_ANALYZER.REPORT_CONTIGS
2026-08-27 14:47:16 [runtime] (ready)           ID.SRR9134555_run.SC_RNA_COUNTER_CS.SC_MULTI_CORE.MULTI_GEM_WELL_PROCESSOR.VDJ_T_GEM_WELL_PROCESSOR.LIB_VDJ_ANALYZER.HANDLE_NO_CLONOTYPING
2026-08-27 14:47:16 [runtime] (ready)           ID.SRR9134555_run.SC_RNA_COUNTER_CS.SC_MULTI_CORE.MULTI_GEM_WELL_PROCESSOR.VDJ_B_GEM_WELL_PROCESSOR.LIB_VDJ_ANALYZER.CLONOTYPE_ASSIGNER.CREATE_AIRR_TSV
2026-08-27 14:47:16 [runtime] (ready)           ID.SRR9134555_run.SC_RNA_COUNTER_CS.SC_MULTI_CORE.MULTI_GEM_WELL_PROCESSOR.VDJ_B_GEM_WELL_PROCESSOR.LIB_VDJ_ANALYZER.BEAM_ANALYZER.COMPUTE_ANTIGEN_VDJ_METRICS
2026-08-27 14:47:16 [runtime] (ready)           ID.SRR9134555_run.SC_RNA_COUNTER_CS.SC_MULTI_CORE.MULTI_GEM_WELL_PROCESSOR.VDJ_B_GEM_WELL_PROCESSOR.LIB_VDJ_ANALYZER.BEAM_ANALYZER.CREATE_BARCODE_CSV
2026-08-27 14:47:16 [runtime] (ready)           ID.SRR9134555_run.SC_RNA_COUNTER_CS.SC_MULTI_CORE.MULTI_GEM_WELL_PROCESSOR.VDJ_T_GEM_WELL_PROCESSOR.LIB_VDJ_ANALYZER.SUMMARIZE_VDJ_FILTERS
2026-08-27 14:47:16 [runtime] (ready)           ID.SRR9134555_run.SC_RNA_COUNTER_CS.SC_MULTI_CORE.MULTI_GEM_WELL_PROCESSOR.VDJ_B_GEM_WELL_PROCESSOR.LIB_VDJ_ANALYZER.BEAM_ANALYZER.CALCULATE_ANTIGEN_SPECIFICITY
2026-08-27 14:47:16 [runtime] (ready)           ID.SRR9134555_run.SC_RNA_COUNTER_CS.SC_MULTI_CORE.MULTI_GEM_WELL_PROCESSOR.VDJ_T_GEM_WELL_PROCESSOR.LIB_VDJ_ANALYZER.CLONOTYPE_ASSIGNER.CREATE_AIRR_TSV
2026-08-27 14:47:16 [runtime] (ready)           ID.SRR9134555_run.SC_RNA_COUNTER_CS.SC_MULTI_CORE.MULTI_GEM_WELL_PROCESSOR.VDJ_T_GD_GEM_WELL_PROCESSOR.LIB_VDJ_ANALYZER.CLONOTYPE_ASSIGNER.WRITE_CONCAT_REF_OUTS
2026-08-27 14:47:16 [runtime] (ready)           ID.SRR9134555_run.SC_RNA_COUNTER_CS.SC_MULTI_CORE.MULTI_GEM_WELL_PROCESSOR.VDJ_T_GD_GEM_WELL_PROCESSOR.LIB_VDJ_ANALYZER.SUMMARIZE_VDJ_FILTERS
2026-08-27 14:47:16 [runtime] (ready)           ID.SRR9134555_run.SC_RNA_COUNTER_CS.SC_MULTI_CORE.MULTI_GEM_WELL_PROCESSOR.VDJ_T_GD_GEM_WELL_PROCESSOR.LIB_VDJ_ANALYZER.WRITE_CONTIG_OUTS
2026-08-27 14:47:16 [runtime] (ready)           ID.SRR9134555_run.SC_RNA_COUNTER_CS.SC_MULTI_CORE.MULTI_GEM_WELL_PROCESSOR.VDJ_T_GD_GEM_WELL_PROCESSOR.LIB_VDJ_ANALYZER.REPORT_CONTIGS
2026-08-27 14:47:16 [runtime] (ready)           ID.SRR9134555_run.SC_RNA_COUNTER_CS.SC_MULTI_CORE.MULTI_GEM_WELL_PROCESSOR.VDJ_T_GD_GEM_WELL_PROCESSOR.LIB_VDJ_ANALYZER.CLONOTYPE_ASSIGNER.CREATE_AIRR_TSV
2026-08-27 14:47:16 [runtime] (ready)           ID.SRR9134555_run.SC_RNA_COUNTER_CS.SC_MULTI_CORE.MULTI_GEM_WELL_PROCESSOR.VDJ_T_GD_GEM_WELL_PROCESSOR.LIB_VDJ_ANALYZER.WRITE_ANN_CSV
2026-08-27 14:47:16 [runtime] (ready)           ID.SRR9134555_run.SC_RNA_COUNTER_CS.SC_MULTI_CORE.MULTI_GEM_WELL_PROCESSOR.VDJ_T_GEM_WELL_PROCESSOR.LIB_VDJ_ANALYZER.WRITE_ANN_CSV
2026-08-27 14:47:16 [runtime] (ready)           ID.SRR9134555_run.SC_RNA_COUNTER_CS.SC_MULTI_CORE.MULTI_GEM_WELL_PROCESSOR.VDJ_B_GEM_WELL_PROCESSOR.LIB_VDJ_ANALYZER.VLOUPE_PREPROCESS
2026-08-27 14:47:16 [runtime] (ready)           ID.SRR9134555_run.SC_RNA_COUNTER_CS.SC_MULTI_CORE.MULTI_GEM_WELL_PROCESSOR.VDJ_T_GD_GEM_WELL_PROCESSOR.LIB_VDJ_ANALYZER.BEAM_ANALYZER.COMPUTE_ANTIGEN_VDJ_METRICS
2026-08-27 14:47:16 [runtime] (ready)           ID.SRR9134555_run.SC_RNA_COUNTER_CS.SC_MULTI_CORE.MULTI_GEM_WELL_PROCESSOR.VDJ_T_GEM_WELL_PROCESSOR.LIB_VDJ_ANALYZER.WRITE_CONTIG_OUTS
2026-08-27 14:47:16 [runtime] (ready)           ID.SRR9134555_run.SC_RNA_COUNTER_CS.SC_MULTI_CORE.MULTI_GEM_WELL_PROCESSOR.VDJ_B_GEM_WELL_PROCESSOR.LIB_VDJ_ANALYZER.SUMMARIZE_VDJ_REPORTS
2026-08-27 14:47:16 [runtime] (ready)           ID.SRR9134555_run.SC_RNA_COUNTER_CS.SC_MULTI_CORE.MULTI_GEM_WELL_PROCESSOR.VDJ_T_GD_GEM_WELL_PROCESSOR.LIB_VDJ_ANALYZER.BEAM_ANALYZER.CREATE_BARCODE_CSV
2026-08-27 14:47:16 [runtime] (ready)           ID.SRR9134555_run.SC_RNA_COUNTER_CS.SC_MULTI_CORE.MULTI_GEM_WELL_PROCESSOR.VDJ_T_GEM_WELL_PROCESSOR.LIB_VDJ_ANALYZER.BEAM_ANALYZER.CREATE_BARCODE_CSV
2026-08-27 14:47:16 [runtime] (ready)           ID.SRR9134555_run.SC_RNA_COUNTER_CS.SC_MULTI_CORE.MULTI_GEM_WELL_PROCESSOR.VDJ_T_GD_GEM_WELL_PROCESSOR.LIB_VDJ_ANALYZER.BEAM_ANALYZER.CALCULATE_ANTIGEN_SPECIFICITY
2026-08-27 14:47:16 [runtime] (ready)           ID.SRR9134555_run.SC_RNA_COUNTER_CS.SC_MULTI_CORE.MULTI_GEM_WELL_PROCESSOR.VDJ_T_GEM_WELL_PROCESSOR.LIB_VDJ_ANALYZER.BEAM_ANALYZER.CALCULATE_ANTIGEN_SPECIFICITY
2026-08-27 14:47:17 [runtime] (ready)           ID.SRR9134555_run.SC_RNA_COUNTER_CS.SC_MULTI_CORE.MULTI_GEM_WELL_PROCESSOR.VDJ_T_GEM_WELL_PROCESSOR.LIB_VDJ_ANALYZER.REPORT_CONTIGS
2026-08-27 14:47:17 [runtime] (ready)           ID.SRR9134555_run.SC_RNA_COUNTER_CS.SC_MULTI_CORE.MULTI_GEM_WELL_PROCESSOR.VDJ_B_GEM_WELL_PROCESSOR.LIB_VDJ_ANALYZER.WRITE_CONTIG_PROTO
2026-08-27 14:47:17 [runtime] (ready)           ID.SRR9134555_run.SC_RNA_COUNTER_CS.SC_MULTI_CORE.MULTI_GEM_WELL_PROCESSOR.VDJ_B_GEM_WELL_PROCESSOR.BUILD_PER_SAMPLE_VDJ_WS_CONTENTS
2026-08-27 14:47:17 [runtime] (ready)           ID.SRR9134555_run.SC_RNA_COUNTER_CS.SC_MULTI_CORE.MULTI_GEM_WELL_PROCESSOR.VDJ_T_GD_GEM_WELL_PROCESSOR.LIB_VDJ_ANALYZER.VLOUPE_PREPROCESS
2026-08-27 14:47:17 [runtime] (ready)           ID.SRR9134555_run.SC_RNA_COUNTER_CS.SC_MULTI_CORE.MULTI_GEM_WELL_PROCESSOR.VDJ_T_GD_GEM_WELL_PROCESSOR.LIB_VDJ_ANALYZER.SUMMARIZE_VDJ_REPORTS
2026-08-27 14:47:17 [runtime] (ready)           ID.SRR9134555_run.SC_RNA_COUNTER_CS.SC_MULTI_CORE.MULTI_GEM_WELL_PROCESSOR.VDJ_T_GEM_WELL_PROCESSOR.LIB_VDJ_ANALYZER.BEAM_ANALYZER.COMPUTE_ANTIGEN_VDJ_METRICS
2026-08-27 14:47:17 [runtime] (ready)           ID.SRR9134555_run.SC_RNA_COUNTER_CS.SC_MULTI_CORE.MULTI_GEM_WELL_PROCESSOR.VDJ_T_GEM_WELL_PROCESSOR.LIB_VDJ_ANALYZER.VLOUPE_PREPROCESS
2026-08-27 14:47:17 [runtime] (ready)           ID.SRR9134555_run.SC_RNA_COUNTER_CS.SC_MULTI_CORE.MULTI_GEM_WELL_PROCESSOR.VDJ_T_GD_GEM_WELL_PROCESSOR.LIB_VDJ_ANALYZER.WRITE_CONTIG_PROTO
2026-08-27 14:47:17 [runtime] (ready)           ID.SRR9134555_run.SC_RNA_COUNTER_CS.SC_MULTI_CORE.MULTI_GEM_WELL_PROCESSOR.VDJ_T_GEM_WELL_PROCESSOR.LIB_VDJ_ANALYZER.SUMMARIZE_VDJ_REPORTS
2026-08-27 14:47:17 [runtime] (ready)           ID.SRR9134555_run.SC_RNA_COUNTER_CS.SC_MULTI_CORE.MULTI_GEM_WELL_PROCESSOR.VDJ_T_GD_GEM_WELL_PROCESSOR.BUILD_PER_SAMPLE_VDJ_WS_CONTENTS
2026-08-27 14:47:17 [runtime] (ready)           ID.SRR9134555_run.SC_RNA_COUNTER_CS.SC_MULTI_CORE.MULTI_GEM_WELL_PROCESSOR.VDJ_T_GEM_WELL_PROCESSOR.BUILD_PER_SAMPLE_VDJ_WS_CONTENTS
2026-08-27 14:47:17 [runtime] (ready)           ID.SRR9134555_run.SC_RNA_COUNTER_CS.SC_MULTI_CORE.MULTI_GEM_WELL_PROCESSOR.VDJ_T_GEM_WELL_PROCESSOR.LIB_VDJ_ANALYZER.WRITE_CONTIG_PROTO
2026-08-27 14:47:22 [runtime] (join_complete)   ID.SRR9134555_run.SC_RNA_COUNTER_CS.SC_MULTI_CORE.MULTI_GEM_WELL_PROCESSOR.COUNT_GEM_WELL_PROCESSOR._BASIC_SC_RNA_COUNTER._CELLS_REPORTER.WRITE_MOLECULE_INFO
2026-08-27 14:47:22 [runtime] (ready)           ID.SRR9134555_run.SC_RNA_COUNTER_CS.SC_MULTI_CORE.MULTI_GEM_WELL_PROCESSOR.COUNT_GEM_WELL_PROCESSOR._BASIC_SC_RNA_COUNTER._CELLS_REPORTER.SUBSAMPLE_READS
2026-08-27 14:47:22 [runtime] (run:local)       ID.SRR9134555_run.SC_RNA_COUNTER_CS.SC_MULTI_CORE.MULTI_GEM_WELL_PROCESSOR.COUNT_GEM_WELL_PROCESSOR._BASIC_SC_RNA_COUNTER._CELLS_REPORTER.SUBSAMPLE_READS.fork0.split
2026-08-27 14:47:22 [runtime] (ready)           ID.SRR9134555_run.SC_RNA_COUNTER_CS.SC_MULTI_CORE.MULTI_GEM_WELL_PROCESSOR.COUNT_GEM_WELL_PROCESSOR._BASIC_SC_RNA_COUNTER._ASSIGN_TAGS.CALL_TAGS_JIBES
2026-08-27 14:47:22 [runtime] (ready)           ID.SRR9134555_run.SC_RNA_COUNTER_CS.SC_MULTI_CORE.MULTI_GEM_WELL_PROCESSOR.COUNT_GEM_WELL_PROCESSOR._BASIC_SC_RNA_COUNTER._ASSIGN_TAGS.DETERMINE_SAMPLE_ASSIGNMENTS
2026-08-27 14:47:22 [runtime] (ready)           ID.SRR9134555_run.SC_RNA_COUNTER_CS.SC_MULTI_CORE.MULTI_GEM_WELL_PROCESSOR.COUNT_GEM_WELL_PROCESSOR._BASIC_SC_RNA_COUNTER._ASSIGN_TAGS.COMPUTE_EXTRA_MULTIPLEXING_METRICS
2026-08-27 14:47:22 [runtime] (ready)           ID.SRR9134555_run.SC_RNA_COUNTER_CS.SC_MULTI_CORE.MULTI_GEM_WELL_PROCESSOR.COUNT_GEM_WELL_PROCESSOR._BASIC_SC_RNA_COUNTER.MULTI_WRITE_PER_SAMPLE_MOLECULE_INFO
2026-08-27 14:47:22 [runtime] (ready)           ID.SRR9134555_run.SC_RNA_COUNTER_CS.SC_MULTI_CORE.MULTI_GEM_WELL_PROCESSOR.COUNT_GEM_WELL_PROCESSOR._BASIC_SC_RNA_COUNTER.MULTI_COLLATE_PER_SAMPLE_METRICS
2026-08-27 14:47:22 [runtime] (ready)           ID.SRR9134555_run.SC_RNA_COUNTER_CS.SC_MULTI_CORE.MULTI_GEM_WELL_PROCESSOR.COUNT_GEM_WELL_PROCESSOR._BASIC_SC_RNA_COUNTER.DEMUX_PROBE_BC_MATRIX
2026-08-27 14:47:22 [runtime] (ready)           ID.SRR9134555_run.SC_RNA_COUNTER_CS.SC_MULTI_CORE.MULTI_GEM_WELL_PROCESSOR.COUNT_GEM_WELL_PROCESSOR._BASIC_SC_RNA_COUNTER.MULTI_WRITE_PER_SAMPLE_BAM
2026-08-27 14:47:22 [runtime] (ready)           ID.SRR9134555_run.SC_RNA_COUNTER_CS.SC_MULTI_CORE.STRUCTIFY_PER_SAMPLE_OUTS
2026-08-27 14:47:22 [runtime] (run:local)       ID.SRR9134555_run.SC_RNA_COUNTER_CS.SC_MULTI_CORE.STRUCTIFY_PER_SAMPLE_OUTS.fork0.chnk0.main
2026-08-27 14:47:22 [runtime] (ready)           ID.SRR9134555_run.SC_RNA_COUNTER_CS.SC_MULTI_CORE.MULTI_GEM_WELL_PROCESSOR.COUNT_GEM_WELL_PROCESSOR._BASIC_SC_RNA_COUNTER._ASSIGN_TAGS.MERGE_METRICS
2026-08-27 14:47:22 [runtime] (ready)           ID.SRR9134555_run.SC_RNA_COUNTER_CS.SC_MULTI_CORE.MULTI_GEM_WELL_PROCESSOR.COUNT_GEM_WELL_PROCESSOR._BASIC_SC_RNA_COUNTER.MULTI_WRITE_PER_SAMPLE_MATRICES
2026-08-27 14:47:23 [runtime] (chunks_complete) ID.SRR9134555_run.SC_RNA_COUNTER_CS.SC_MULTI_CORE.STRUCTIFY_PER_SAMPLE_OUTS
2026-08-27 14:47:23 [runtime] (ready)           ID.SRR9134555_run.SC_RNA_COUNTER_CS.SC_MULTI_CORE.DISABLE_FEATURE_STAGES
2026-08-27 14:47:23 [runtime] (run:local)       ID.SRR9134555_run.SC_RNA_COUNTER_CS.SC_MULTI_CORE.DISABLE_FEATURE_STAGES.fork0.chnk0.main
2026-08-27 14:47:23 [runtime] (chunks_complete) ID.SRR9134555_run.SC_RNA_COUNTER_CS.SC_MULTI_CORE.DISABLE_FEATURE_STAGES
2026-08-27 14:47:23 [runtime] (ready)           ID.SRR9134555_run.SC_RNA_COUNTER_CS.SC_MULTI_CORE.COUNT_ANALYZER.SC_RNA_ANALYZER.ANALYZER_PREFLIGHT
2026-08-27 14:47:23 [runtime] (run:local)       ID.SRR9134555_run.SC_RNA_COUNTER_CS.SC_MULTI_CORE.COUNT_ANALYZER.SC_RNA_ANALYZER.ANALYZER_PREFLIGHT.fork0.chnk0.main
2026-08-27 14:47:23 [runtime] (ready)           ID.SRR9134555_run.SC_RNA_COUNTER_CS.SC_MULTI_CORE.COUNT_ANALYZER._ANTIGEN_ANALYZER.SUMMARIZE_ANTIBODY_ANALYSIS
2026-08-27 14:47:23 [runtime] (ready)           ID.SRR9134555_run.SC_RNA_COUNTER_CS.SC_MULTI_CORE.COUNT_ANALYZER._CRISPR_ANALYZER.CALL_PROTOSPACERS
2026-08-27 14:47:23 [runtime] (ready)           ID.SRR9134555_run.SC_RNA_COUNTER_CS.SC_MULTI_CORE.COUNT_ANALYZER._ANTIBODY_ANALYZER.CALL_ANTIBODIES
2026-08-27 14:47:23 [runtime] (ready)           ID.SRR9134555_run.SC_RNA_COUNTER_CS.SC_MULTI_CORE.COUNT_ANALYZER._TARGETED_ANALYZER.DISABLE_TARGETED_STAGES
2026-08-27 14:47:23 [runtime] (ready)           ID.SRR9134555_run.SC_RNA_COUNTER_CS.SC_MULTI_CORE.COUNT_ANALYZER._ANTIBODY_ANALYZER.SUMMARIZE_ANTIBODY_ANALYSIS
2026-08-27 14:47:23 [runtime] (ready)           ID.SRR9134555_run.SC_RNA_COUNTER_CS.SC_MULTI_CORE.COUNT_ANALYZER._ANTIGEN_ANALYZER.CALL_ANTIBODIES
2026-08-27 14:47:23 [runtime] (ready)           ID.SRR9134555_run.SC_RNA_COUNTER_CS.SC_MULTI_CORE.COUNT_ANALYZER._CRISPR_ANALYZER._PERTURBATIONS_BY_TARGET
2026-08-27 14:47:23 [runtime] (ready)           ID.SRR9134555_run.SC_RNA_COUNTER_CS.SC_MULTI_CORE.COUNT_ANALYZER._CRISPR_ANALYZER._PERTURBATIONS_BY_FEATURE
2026-08-27 14:47:23 [runtime] (ready)           ID.SRR9134555_run.SC_RNA_COUNTER_CS.SC_MULTI_CORE.COUNT_ANALYZER._TARGETED_ANALYZER.SUBSAMPLE_ON_TARGET_READS
2026-08-27 14:47:23 [runtime] (ready)           ID.SRR9134555_run.SC_RNA_COUNTER_CS.SC_MULTI_CORE.COUNT_ANALYZER._TARGETED_ANALYZER.SUBSAMPLE_OFF_TARGET_READS
2026-08-27 14:47:23 [runtime] (ready)           ID.SRR9134555_run.SC_RNA_COUNTER_CS.SC_MULTI_CORE.COUNT_ANALYZER._TARGETED_ANALYZER._RUN_GDNA_ANALYSIS.GET_GDNA_METRICS
2026-08-27 14:47:24 [runtime] (ready)           ID.SRR9134555_run.SC_RNA_COUNTER_CS.GET_AGGREGATE_BARCODES_OUT
2026-08-27 14:47:24 [runtime] (run:local)       ID.SRR9134555_run.SC_RNA_COUNTER_CS.GET_AGGREGATE_BARCODES_OUT.fork0.chnk0.main
2026-08-27 14:47:24 [runtime] (ready)           ID.SRR9134555_run.SC_RNA_COUNTER_CS.SC_MULTI_CORE.COUNT_ANALYZER._TARGETED_ANALYZER._RUN_GDNA_ANALYSIS.GET_GDNA_PLOT
2026-08-27 14:47:24 [runtime] (ready)           ID.SRR9134555_run.SC_RNA_COUNTER_CS.SC_MULTI_CORE.COUNT_ANALYZER._CRISPR_ANALYZER.SUMMARIZE_CRISPR_ANALYSIS
2026-08-27 14:47:24 [runtime] (ready)           ID.SRR9134555_run.SC_RNA_COUNTER_CS.SC_MULTI_CORE.COUNT_ANALYZER._TARGETED_ANALYZER._RUN_GDNA_ANALYSIS.MERGE_METRICS
2026-08-27 14:47:24 [runtime] (chunks_complete) ID.SRR9134555_run.SC_RNA_COUNTER_CS.GET_AGGREGATE_BARCODES_OUT
2026-08-27 14:47:25 [runtime] (chunks_complete) ID.SRR9134555_run.SC_RNA_COUNTER_CS.SC_MULTI_CORE.COUNT_ANALYZER.SC_RNA_ANALYZER.ANALYZER_PREFLIGHT
2026-08-27 14:47:25 [runtime] (ready)           ID.SRR9134555_run.SC_RNA_COUNTER_CS.SC_MULTI_CORE.COUNT_ANALYZER.SC_RNA_ANALYZER.PREPROCESS_MATRIX
2026-08-27 14:47:25 [runtime] (run:local)       ID.SRR9134555_run.SC_RNA_COUNTER_CS.SC_MULTI_CORE.COUNT_ANALYZER.SC_RNA_ANALYZER.PREPROCESS_MATRIX.fork0.split
2026-08-27 14:47:25 [runtime] (split_complete)  ID.SRR9134555_run.SC_RNA_COUNTER_CS.SC_MULTI_CORE.MULTI_GEM_WELL_PROCESSOR.COUNT_GEM_WELL_PROCESSOR._BASIC_SC_RNA_COUNTER._CELLS_REPORTER.SUBSAMPLE_READS
2026-08-27 14:47:25 [runtime] (run:local)       ID.SRR9134555_run.SC_RNA_COUNTER_CS.SC_MULTI_CORE.MULTI_GEM_WELL_PROCESSOR.COUNT_GEM_WELL_PROCESSOR._BASIC_SC_RNA_COUNTER._CELLS_REPORTER.SUBSAMPLE_READS.fork0.chnk0.main
2026-08-27 14:47:25 [runtime] (run:local)       ID.SRR9134555_run.SC_RNA_COUNTER_CS.SC_MULTI_CORE.MULTI_GEM_WELL_PROCESSOR.COUNT_GEM_WELL_PROCESSOR._BASIC_SC_RNA_COUNTER._CELLS_REPORTER.SUBSAMPLE_READS.fork0.chnk1.main
2026-08-27 14:47:25 [runtime] (run:local)       ID.SRR9134555_run.SC_RNA_COUNTER_CS.SC_MULTI_CORE.MULTI_GEM_WELL_PROCESSOR.COUNT_GEM_WELL_PROCESSOR._BASIC_SC_RNA_COUNTER._CELLS_REPORTER.SUBSAMPLE_READS.fork0.chnk2.main
2026-08-27 14:47:27 [runtime] (split_complete)  ID.SRR9134555_run.SC_RNA_COUNTER_CS.SC_MULTI_CORE.COUNT_ANALYZER.SC_RNA_ANALYZER.PREPROCESS_MATRIX
2026-08-27 14:47:27 [runtime] (run:local)       ID.SRR9134555_run.SC_RNA_COUNTER_CS.SC_MULTI_CORE.COUNT_ANALYZER.SC_RNA_ANALYZER.PREPROCESS_MATRIX.fork0.join
2026-08-27 14:47:31 [runtime] (join_complete)   ID.SRR9134555_run.SC_RNA_COUNTER_CS.SC_MULTI_CORE.COUNT_ANALYZER.SC_RNA_ANALYZER.PREPROCESS_MATRIX
2026-08-27 14:47:31 [runtime] (ready)           ID.SRR9134555_run.SC_RNA_COUNTER_CS.SC_MULTI_CORE.COUNT_ANALYZER.SC_RNA_ANALYZER._ANTIBODY_ANALYZER.CALL_ANTIBODIES
2026-08-27 14:47:31 [runtime] (ready)           ID.SRR9134555_run.SC_RNA_COUNTER_CS.SC_MULTI_CORE.COUNT_ANALYZER.SC_RNA_ANALYZER.RUN_BATCH_CORRECTION_PCA.PCA_PREP
2026-08-27 14:47:31 [runtime] (ready)           ID.SRR9134555_run.SC_RNA_COUNTER_CS.SC_MULTI_CORE.COUNT_ANALYZER.SC_RNA_ANALYZER._ANTIGEN_ANALYZER.SUMMARIZE_ANTIBODY_ANALYSIS
2026-08-27 14:47:31 [runtime] (ready)           ID.SRR9134555_run.SC_RNA_COUNTER_CS.SC_MULTI_CORE.COUNT_ANALYZER.SC_RNA_ANALYZER._ANTIBODY_ANALYZER.SUMMARIZE_ANTIBODY_ANALYSIS
2026-08-27 14:47:31 [runtime] (ready)           ID.SRR9134555_run.SC_RNA_COUNTER_CS.SC_MULTI_CORE.COUNT_ANALYZER.SC_RNA_ANALYZER._ANTIGEN_ANALYZER.CALL_ANTIBODIES
2026-08-27 14:47:31 [runtime] (ready)           ID.SRR9134555_run.SC_RNA_COUNTER_CS.SC_MULTI_CORE.COUNT_ANALYZER.SC_RNA_ANALYZER.RUN_MULTIGENOME_ANALYSIS
2026-08-27 14:47:31 [runtime] (run:local)       ID.SRR9134555_run.SC_RNA_COUNTER_CS.SC_MULTI_CORE.COUNT_ANALYZER.SC_RNA_ANALYZER.RUN_MULTIGENOME_ANALYSIS.fork0.split
2026-08-27 14:47:31 [runtime] (ready)           ID.SRR9134555_run.SC_RNA_COUNTER_CS.SC_MULTI_CORE.COUNT_ANALYZER.SC_RNA_ANALYZER.RUN_BATCH_CORRECTION_PCA.RUN_PCA2
2026-08-27 14:47:32 [runtime] (ready)           ID.SRR9134555_run.SC_RNA_COUNTER_CS.SC_MULTI_CORE.COUNT_ANALYZER.SC_RNA_ANALYZER.RUN_BATCH_CORRECTION_PCA.POST_PCA
2026-08-27 14:47:32 [runtime] (ready)           ID.SRR9134555_run.SC_RNA_COUNTER_CS.SC_MULTI_CORE.COUNT_ANALYZER.SC_RNA_ANALYZER.CORRECT_CHEMISTRY_BATCH
2026-08-27 14:47:32 [runtime] (ready)           ID.SRR9134555_run.SC_RNA_COUNTER_CS.SC_MULTI_CORE.COUNT_ANALYZER.SC_RNA_ANALYZER.RUN_PCA
2026-08-27 14:47:32 [runtime] (run:local)       ID.SRR9134555_run.SC_RNA_COUNTER_CS.SC_MULTI_CORE.COUNT_ANALYZER.SC_RNA_ANALYZER.RUN_PCA.fork0.split
2026-08-27 14:47:32 [runtime] (split_complete)  ID.SRR9134555_run.SC_RNA_COUNTER_CS.SC_MULTI_CORE.COUNT_ANALYZER.SC_RNA_ANALYZER.RUN_PCA
2026-08-27 14:47:32 [runtime] (run:local)       ID.SRR9134555_run.SC_RNA_COUNTER_CS.SC_MULTI_CORE.COUNT_ANALYZER.SC_RNA_ANALYZER.RUN_PCA.fork0.chnk0.main
2026-08-27 14:47:33 [runtime] (split_complete)  ID.SRR9134555_run.SC_RNA_COUNTER_CS.SC_MULTI_CORE.COUNT_ANALYZER.SC_RNA_ANALYZER.RUN_MULTIGENOME_ANALYSIS
2026-08-27 14:47:33 [runtime] (run:local)       ID.SRR9134555_run.SC_RNA_COUNTER_CS.SC_MULTI_CORE.COUNT_ANALYZER.SC_RNA_ANALYZER.RUN_MULTIGENOME_ANALYSIS.fork0.join
2026-08-27 14:47:34 [runtime] (join_complete)   ID.SRR9134555_run.SC_RNA_COUNTER_CS.SC_MULTI_CORE.COUNT_ANALYZER.SC_RNA_ANALYZER.RUN_MULTIGENOME_ANALYSIS
2026-08-27 14:47:35 [runtime] (chunks_complete) ID.SRR9134555_run.SC_RNA_COUNTER_CS.SC_MULTI_CORE.COUNT_ANALYZER.SC_RNA_ANALYZER.RUN_PCA
2026-08-27 14:47:35 [runtime] (run:local)       ID.SRR9134555_run.SC_RNA_COUNTER_CS.SC_MULTI_CORE.COUNT_ANALYZER.SC_RNA_ANALYZER.RUN_PCA.fork0.join
2026-08-27 14:47:35 [runtime] (join_complete)   ID.SRR9134555_run.SC_RNA_COUNTER_CS.SC_MULTI_CORE.COUNT_ANALYZER.SC_RNA_ANALYZER.RUN_PCA
2026-08-27 14:47:35 [runtime] (ready)           ID.SRR9134555_run.SC_RNA_COUNTER_CS.SC_MULTI_CORE.COUNT_ANALYZER.SC_RNA_ANALYZER.RUN_UMAP
2026-08-27 14:47:35 [runtime] (run:local)       ID.SRR9134555_run.SC_RNA_COUNTER_CS.SC_MULTI_CORE.COUNT_ANALYZER.SC_RNA_ANALYZER.RUN_UMAP.fork0.split
2026-08-27 14:47:35 [runtime] (ready)           ID.SRR9134555_run.SC_RNA_COUNTER_CS.SC_MULTI_CORE.COUNT_ANALYZER.SC_RNA_ANALYZER.RUN_KMEANS
2026-08-27 14:47:35 [runtime] (run:local)       ID.SRR9134555_run.SC_RNA_COUNTER_CS.SC_MULTI_CORE.COUNT_ANALYZER.SC_RNA_ANALYZER.RUN_KMEANS.fork0.split
2026-08-27 14:47:35 [runtime] (ready)           ID.SRR9134555_run.SC_RNA_COUNTER_CS.SC_MULTI_CORE.COUNT_ANALYZER.SC_RNA_ANALYZER.RUN_TSNE
2026-08-27 14:47:35 [runtime] (run:local)       ID.SRR9134555_run.SC_RNA_COUNTER_CS.SC_MULTI_CORE.COUNT_ANALYZER.SC_RNA_ANALYZER.RUN_TSNE.fork0.split
2026-08-27 14:47:35 [runtime] (ready)           ID.SRR9134555_run.SC_RNA_COUNTER_CS.SC_MULTI_CORE.COUNT_ANALYZER.SC_RNA_ANALYZER.RUN_GRAPH_CLUSTERING
2026-08-27 14:47:35 [runtime] (run:local)       ID.SRR9134555_run.SC_RNA_COUNTER_CS.SC_MULTI_CORE.COUNT_ANALYZER.SC_RNA_ANALYZER.RUN_GRAPH_CLUSTERING.fork0.split
2026-08-27 14:47:35 [runtime] (split_complete)  ID.SRR9134555_run.SC_RNA_COUNTER_CS.SC_MULTI_CORE.COUNT_ANALYZER.SC_RNA_ANALYZER.RUN_UMAP
2026-08-27 14:47:36 [runtime] (run:local)       ID.SRR9134555_run.SC_RNA_COUNTER_CS.SC_MULTI_CORE.COUNT_ANALYZER.SC_RNA_ANALYZER.RUN_UMAP.fork0.chnk0.main
2026-08-27 14:47:36 [runtime] (split_complete)  ID.SRR9134555_run.SC_RNA_COUNTER_CS.SC_MULTI_CORE.COUNT_ANALYZER.SC_RNA_ANALYZER.RUN_TSNE
2026-08-27 14:47:36 [runtime] (run:local)       ID.SRR9134555_run.SC_RNA_COUNTER_CS.SC_MULTI_CORE.COUNT_ANALYZER.SC_RNA_ANALYZER.RUN_TSNE.fork0.chnk0.main
2026-08-27 14:47:36 [runtime] (split_complete)  ID.SRR9134555_run.SC_RNA_COUNTER_CS.SC_MULTI_CORE.COUNT_ANALYZER.SC_RNA_ANALYZER.RUN_GRAPH_CLUSTERING
2026-08-27 14:47:36 [runtime] (run:local)       ID.SRR9134555_run.SC_RNA_COUNTER_CS.SC_MULTI_CORE.COUNT_ANALYZER.SC_RNA_ANALYZER.RUN_GRAPH_CLUSTERING.fork0.chnk0.main
2026-08-27 14:47:37 [runtime] (split_complete)  ID.SRR9134555_run.SC_RNA_COUNTER_CS.SC_MULTI_CORE.COUNT_ANALYZER.SC_RNA_ANALYZER.RUN_KMEANS
2026-08-27 14:47:37 [runtime] (run:local)       ID.SRR9134555_run.SC_RNA_COUNTER_CS.SC_MULTI_CORE.COUNT_ANALYZER.SC_RNA_ANALYZER.RUN_KMEANS.fork0.chnk0.main
2026-08-27 14:47:37 [runtime] (run:local)       ID.SRR9134555_run.SC_RNA_COUNTER_CS.SC_MULTI_CORE.COUNT_ANALYZER.SC_RNA_ANALYZER.RUN_KMEANS.fork0.chnk1.main
2026-08-27 14:47:37 [runtime] (run:local)       ID.SRR9134555_run.SC_RNA_COUNTER_CS.SC_MULTI_CORE.COUNT_ANALYZER.SC_RNA_ANALYZER.RUN_KMEANS.fork0.chnk2.main
2026-08-27 14:47:37 [runtime] (run:local)       ID.SRR9134555_run.SC_RNA_COUNTER_CS.SC_MULTI_CORE.COUNT_ANALYZER.SC_RNA_ANALYZER.RUN_KMEANS.fork0.chnk3.main
2026-08-27 14:47:37 [runtime] (run:local)       ID.SRR9134555_run.SC_RNA_COUNTER_CS.SC_MULTI_CORE.COUNT_ANALYZER.SC_RNA_ANALYZER.RUN_KMEANS.fork0.chnk4.main
2026-08-27 14:47:37 [runtime] (run:local)       ID.SRR9134555_run.SC_RNA_COUNTER_CS.SC_MULTI_CORE.COUNT_ANALYZER.SC_RNA_ANALYZER.RUN_KMEANS.fork0.chnk5.main
2026-08-27 14:47:37 [runtime] (run:local)       ID.SRR9134555_run.SC_RNA_COUNTER_CS.SC_MULTI_CORE.COUNT_ANALYZER.SC_RNA_ANALYZER.RUN_KMEANS.fork0.chnk6.main
2026-08-27 14:47:37 [runtime] (run:local)       ID.SRR9134555_run.SC_RNA_COUNTER_CS.SC_MULTI_CORE.COUNT_ANALYZER.SC_RNA_ANALYZER.RUN_KMEANS.fork0.chnk7.main
2026-08-27 14:47:37 [runtime] (run:local)       ID.SRR9134555_run.SC_RNA_COUNTER_CS.SC_MULTI_CORE.COUNT_ANALYZER.SC_RNA_ANALYZER.RUN_KMEANS.fork0.chnk8.main
2026-08-27 14:47:37 [runtime] (chunks_complete) ID.SRR9134555_run.SC_RNA_COUNTER_CS.SC_MULTI_CORE.COUNT_ANALYZER.SC_RNA_ANALYZER.RUN_TSNE
2026-08-27 14:47:37 [runtime] (run:local)       ID.SRR9134555_run.SC_RNA_COUNTER_CS.SC_MULTI_CORE.COUNT_ANALYZER.SC_RNA_ANALYZER.RUN_TSNE.fork0.join
2026-08-27 14:47:38 [runtime] (chunks_complete) ID.SRR9134555_run.SC_RNA_COUNTER_CS.SC_MULTI_CORE.COUNT_ANALYZER.SC_RNA_ANALYZER.RUN_UMAP
2026-08-27 14:47:38 [runtime] (run:local)       ID.SRR9134555_run.SC_RNA_COUNTER_CS.SC_MULTI_CORE.COUNT_ANALYZER.SC_RNA_ANALYZER.RUN_UMAP.fork0.join
2026-08-27 14:47:40 [runtime] (chunks_complete) ID.SRR9134555_run.SC_RNA_COUNTER_CS.SC_MULTI_CORE.COUNT_ANALYZER.SC_RNA_ANALYZER.RUN_GRAPH_CLUSTERING
2026-08-27 14:47:40 [runtime] (run:local)       ID.SRR9134555_run.SC_RNA_COUNTER_CS.SC_MULTI_CORE.COUNT_ANALYZER.SC_RNA_ANALYZER.RUN_GRAPH_CLUSTERING.fork0.join
2026-08-27 14:47:41 [runtime] (join_complete)   ID.SRR9134555_run.SC_RNA_COUNTER_CS.SC_MULTI_CORE.COUNT_ANALYZER.SC_RNA_ANALYZER.RUN_TSNE
2026-08-27 14:47:41 [runtime] (join_complete)   ID.SRR9134555_run.SC_RNA_COUNTER_CS.SC_MULTI_CORE.COUNT_ANALYZER.SC_RNA_ANALYZER.RUN_UMAP
2026-08-27 14:47:41 [runtime] (join_complete)   ID.SRR9134555_run.SC_RNA_COUNTER_CS.SC_MULTI_CORE.COUNT_ANALYZER.SC_RNA_ANALYZER.RUN_GRAPH_CLUSTERING
2026-08-27 14:47:41 [runtime] (ready)           ID.SRR9134555_run.SC_RNA_COUNTER_CS.SC_MULTI_CORE.COUNT_ANALYZER.SC_RNA_ANALYZER.RUN_HIERARCHICAL_CLUSTERING
2026-08-27 14:47:42 [runtime] (chunks_complete) ID.SRR9134555_run.SC_RNA_COUNTER_CS.SC_MULTI_CORE.COUNT_ANALYZER.SC_RNA_ANALYZER.RUN_KMEANS
2026-08-27 14:47:42 [runtime] (run:local)       ID.SRR9134555_run.SC_RNA_COUNTER_CS.SC_MULTI_CORE.COUNT_ANALYZER.SC_RNA_ANALYZER.RUN_KMEANS.fork0.join
2026-08-27 14:47:44 [runtime] (join_complete)   ID.SRR9134555_run.SC_RNA_COUNTER_CS.SC_MULTI_CORE.COUNT_ANALYZER.SC_RNA_ANALYZER.RUN_KMEANS
2026-08-27 14:47:44 [runtime] (ready)           ID.SRR9134555_run.SC_RNA_COUNTER_CS.SC_MULTI_CORE.COUNT_ANALYZER.SC_RNA_ANALYZER.COMBINE_CLUSTERING
2026-08-27 14:47:44 [runtime] (run:local)       ID.SRR9134555_run.SC_RNA_COUNTER_CS.SC_MULTI_CORE.COUNT_ANALYZER.SC_RNA_ANALYZER.COMBINE_CLUSTERING.fork0.chnk0.main
2026-08-27 14:47:45 [runtime] (chunks_complete) ID.SRR9134555_run.SC_RNA_COUNTER_CS.SC_MULTI_CORE.COUNT_ANALYZER.SC_RNA_ANALYZER.COMBINE_CLUSTERING
2026-08-27 14:47:45 [runtime] (ready)           ID.SRR9134555_run.SC_RNA_COUNTER_CS.SC_MULTI_CORE.COUNT_ANALYZER.SC_RNA_ANALYZER.RUN_DIFFERENTIAL_EXPRESSION
2026-08-27 14:47:45 [runtime] (run:local)       ID.SRR9134555_run.SC_RNA_COUNTER_CS.SC_MULTI_CORE.COUNT_ANALYZER.SC_RNA_ANALYZER.RUN_DIFFERENTIAL_EXPRESSION.fork0.split
2026-08-27 14:47:46 [runtime] (split_complete)  ID.SRR9134555_run.SC_RNA_COUNTER_CS.SC_MULTI_CORE.COUNT_ANALYZER.SC_RNA_ANALYZER.RUN_DIFFERENTIAL_EXPRESSION
2026-08-27 14:47:46 [runtime] (run:local)       ID.SRR9134555_run.SC_RNA_COUNTER_CS.SC_MULTI_CORE.COUNT_ANALYZER.SC_RNA_ANALYZER.RUN_DIFFERENTIAL_EXPRESSION.fork0.chnk0.main
2026-08-27 14:47:46 [runtime] (run:local)       ID.SRR9134555_run.SC_RNA_COUNTER_CS.SC_MULTI_CORE.COUNT_ANALYZER.SC_RNA_ANALYZER.RUN_DIFFERENTIAL_EXPRESSION.fork0.chnk1.main
2026-08-27 14:47:46 [runtime] (run:local)       ID.SRR9134555_run.SC_RNA_COUNTER_CS.SC_MULTI_CORE.COUNT_ANALYZER.SC_RNA_ANALYZER.RUN_DIFFERENTIAL_EXPRESSION.fork0.chnk2.main
2026-08-27 14:47:46 [runtime] (run:local)       ID.SRR9134555_run.SC_RNA_COUNTER_CS.SC_MULTI_CORE.COUNT_ANALYZER.SC_RNA_ANALYZER.RUN_DIFFERENTIAL_EXPRESSION.fork0.chnk3.main
2026-08-27 14:47:46 [runtime] (run:local)       ID.SRR9134555_run.SC_RNA_COUNTER_CS.SC_MULTI_CORE.COUNT_ANALYZER.SC_RNA_ANALYZER.RUN_DIFFERENTIAL_EXPRESSION.fork0.chnk4.main
2026-08-27 14:47:46 [runtime] (run:local)       ID.SRR9134555_run.SC_RNA_COUNTER_CS.SC_MULTI_CORE.COUNT_ANALYZER.SC_RNA_ANALYZER.RUN_DIFFERENTIAL_EXPRESSION.fork0.chnk5.main
2026-08-27 14:47:46 [runtime] (run:local)       ID.SRR9134555_run.SC_RNA_COUNTER_CS.SC_MULTI_CORE.COUNT_ANALYZER.SC_RNA_ANALYZER.RUN_DIFFERENTIAL_EXPRESSION.fork0.chnk6.main
2026-08-27 14:47:46 [runtime] (run:local)       ID.SRR9134555_run.SC_RNA_COUNTER_CS.SC_MULTI_CORE.COUNT_ANALYZER.SC_RNA_ANALYZER.RUN_DIFFERENTIAL_EXPRESSION.fork0.chnk7.main
2026-08-27 14:47:57 [runtime] (chunks_complete) ID.SRR9134555_run.SC_RNA_COUNTER_CS.SC_MULTI_CORE.COUNT_ANALYZER.SC_RNA_ANALYZER.RUN_DIFFERENTIAL_EXPRESSION
2026-08-27 14:47:57 [runtime] (run:local)       ID.SRR9134555_run.SC_RNA_COUNTER_CS.SC_MULTI_CORE.COUNT_ANALYZER.SC_RNA_ANALYZER.RUN_DIFFERENTIAL_EXPRESSION.fork0.join
2026-08-27 14:47:57 [runtime] (join_complete)   ID.SRR9134555_run.SC_RNA_COUNTER_CS.SC_MULTI_CORE.COUNT_ANALYZER.SC_RNA_ANALYZER.RUN_DIFFERENTIAL_EXPRESSION
2026-08-27 14:47:57 [runtime] (ready)           ID.SRR9134555_run.SC_RNA_COUNTER_CS.SC_MULTI_CORE.COUNT_ANALYZER.SC_RNA_ANALYZER.SUMMARIZE_ANALYSIS
2026-08-27 14:47:57 [runtime] (run:local)       ID.SRR9134555_run.SC_RNA_COUNTER_CS.SC_MULTI_CORE.COUNT_ANALYZER.SC_RNA_ANALYZER.SUMMARIZE_ANALYSIS.fork0.split
2026-08-27 14:47:58 [runtime] (split_complete)  ID.SRR9134555_run.SC_RNA_COUNTER_CS.SC_MULTI_CORE.COUNT_ANALYZER.SC_RNA_ANALYZER.SUMMARIZE_ANALYSIS
2026-08-27 14:47:58 [runtime] (run:local)       ID.SRR9134555_run.SC_RNA_COUNTER_CS.SC_MULTI_CORE.COUNT_ANALYZER.SC_RNA_ANALYZER.SUMMARIZE_ANALYSIS.fork0.chnk0.main
2026-08-27 14:47:59 [runtime] (chunks_complete) ID.SRR9134555_run.SC_RNA_COUNTER_CS.SC_MULTI_CORE.COUNT_ANALYZER.SC_RNA_ANALYZER.SUMMARIZE_ANALYSIS
2026-08-27 14:47:59 [runtime] (run:local)       ID.SRR9134555_run.SC_RNA_COUNTER_CS.SC_MULTI_CORE.COUNT_ANALYZER.SC_RNA_ANALYZER.SUMMARIZE_ANALYSIS.fork0.join
2026-08-27 14:48:00 [runtime] (join_complete)   ID.SRR9134555_run.SC_RNA_COUNTER_CS.SC_MULTI_CORE.COUNT_ANALYZER.SC_RNA_ANALYZER.SUMMARIZE_ANALYSIS
2026-08-27 14:48:00 [runtime] (ready)           ID.SRR9134555_run.SC_RNA_COUNTER_CS.SC_MULTI_CORE.MULTI_REPORTER.GENERATE_LIBRARY_PLOTS
2026-08-27 14:48:10 [runtime] (chunks_complete) ID.SRR9134555_run.SC_RNA_COUNTER_CS.SC_MULTI_CORE.MULTI_GEM_WELL_PROCESSOR.COUNT_GEM_WELL_PROCESSOR._BASIC_SC_RNA_COUNTER.WRITE_POS_BAM
2026-08-27 14:48:10 [runtime] (run:local)       ID.SRR9134555_run.SC_RNA_COUNTER_CS.SC_MULTI_CORE.MULTI_GEM_WELL_PROCESSOR.COUNT_GEM_WELL_PROCESSOR._BASIC_SC_RNA_COUNTER.WRITE_POS_BAM.fork0.join
2026-08-27 14:48:16 [runtime] (chunks_complete) ID.SRR9134555_run.SC_RNA_COUNTER_CS.SC_MULTI_CORE.MULTI_GEM_WELL_PROCESSOR.COUNT_GEM_WELL_PROCESSOR._BASIC_SC_RNA_COUNTER._CELLS_REPORTER.SUBSAMPLE_READS
2026-08-27 14:48:16 [runtime] (run:local)       ID.SRR9134555_run.SC_RNA_COUNTER_CS.SC_MULTI_CORE.MULTI_GEM_WELL_PROCESSOR.COUNT_GEM_WELL_PROCESSOR._BASIC_SC_RNA_COUNTER._CELLS_REPORTER.SUBSAMPLE_READS.fork0.join
2026-08-27 14:48:18 [runtime] (join_complete)   ID.SRR9134555_run.SC_RNA_COUNTER_CS.SC_MULTI_CORE.MULTI_GEM_WELL_PROCESSOR.COUNT_GEM_WELL_PROCESSOR._BASIC_SC_RNA_COUNTER._CELLS_REPORTER.SUBSAMPLE_READS
2026-08-27 14:48:18 [runtime] (ready)           ID.SRR9134555_run.SC_RNA_COUNTER_CS.SC_MULTI_CORE.MULTI_GEM_WELL_PROCESSOR.COUNT_GEM_WELL_PROCESSOR._BASIC_SC_RNA_COUNTER._CELLS_REPORTER.SUMMARIZE_BASIC_REPORTS
2026-08-27 14:48:18 [runtime] (run:local)       ID.SRR9134555_run.SC_RNA_COUNTER_CS.SC_MULTI_CORE.MULTI_GEM_WELL_PROCESSOR.COUNT_GEM_WELL_PROCESSOR._BASIC_SC_RNA_COUNTER._CELLS_REPORTER.SUMMARIZE_BASIC_REPORTS.fork0.split
2026-08-27 14:48:20 [runtime] (split_complete)  ID.SRR9134555_run.SC_RNA_COUNTER_CS.SC_MULTI_CORE.MULTI_GEM_WELL_PROCESSOR.COUNT_GEM_WELL_PROCESSOR._BASIC_SC_RNA_COUNTER._CELLS_REPORTER.SUMMARIZE_BASIC_REPORTS
2026-08-27 14:48:20 [runtime] (run:local)       ID.SRR9134555_run.SC_RNA_COUNTER_CS.SC_MULTI_CORE.MULTI_GEM_WELL_PROCESSOR.COUNT_GEM_WELL_PROCESSOR._BASIC_SC_RNA_COUNTER._CELLS_REPORTER.SUMMARIZE_BASIC_REPORTS.fork0.join
2026-08-27 14:48:25 [runtime] (join_complete)   ID.SRR9134555_run.SC_RNA_COUNTER_CS.SC_MULTI_CORE.MULTI_GEM_WELL_PROCESSOR.COUNT_GEM_WELL_PROCESSOR._BASIC_SC_RNA_COUNTER._CELLS_REPORTER.SUMMARIZE_BASIC_REPORTS
2026-08-27 14:48:25 [runtime] (ready)           ID.SRR9134555_run.SC_RNA_COUNTER_CS.SC_MULTI_CORE.MULTI_GEM_WELL_PROCESSOR.COUNT_GEM_WELL_PROCESSOR._BASIC_SC_RNA_COUNTER.MERGE_METRICS
2026-08-27 14:48:25 [runtime] (run:local)       ID.SRR9134555_run.SC_RNA_COUNTER_CS.SC_MULTI_CORE.MULTI_GEM_WELL_PROCESSOR.COUNT_GEM_WELL_PROCESSOR._BASIC_SC_RNA_COUNTER.MERGE_METRICS.fork0.chnk0.main
2026-08-27 14:48:25 [runtime] (chunks_complete) ID.SRR9134555_run.SC_RNA_COUNTER_CS.SC_MULTI_CORE.MULTI_GEM_WELL_PROCESSOR.COUNT_GEM_WELL_PROCESSOR._BASIC_SC_RNA_COUNTER.MERGE_METRICS
2026-08-27 14:48:25 [runtime] (ready)           ID.SRR9134555_run.SC_RNA_COUNTER_CS.SC_MULTI_CORE.COUNT_ANALYZER._TARGETED_ANALYZER.CALCULATE_TARGETED_METRICS
2026-08-27 14:48:25 [runtime] (ready)           ID.SRR9134555_run.SC_RNA_COUNTER_CS.SC_MULTI_CORE.COUNT_ANALYZER._TARGETED_ANALYZER.MERGE_METRICS
2026-08-27 14:48:26 [runtime] (ready)           ID.SRR9134555_run.SC_RNA_COUNTER_CS.SC_MULTI_CORE.MULTI_REPORTER.SUMMARIZE_REPORTS
2026-08-27 14:48:26 [runtime] (run:local)       ID.SRR9134555_run.SC_RNA_COUNTER_CS.SC_MULTI_CORE.MULTI_REPORTER.SUMMARIZE_REPORTS.fork0.chnk0.main
2026-08-27 14:48:30 [runtime] (chunks_complete) ID.SRR9134555_run.SC_RNA_COUNTER_CS.SC_MULTI_CORE.MULTI_REPORTER.SUMMARIZE_REPORTS
2026-08-27 14:48:30 [runtime] (ready)           ID.SRR9134555_run.SC_RNA_COUNTER_CS.SC_MULTI_CORE.MULTI_REPORTER.CLOUPE_PREPROCESS
2026-08-27 14:48:30 [runtime] (run:local)       ID.SRR9134555_run.SC_RNA_COUNTER_CS.SC_MULTI_CORE.MULTI_REPORTER.CLOUPE_PREPROCESS.fork0.split
2026-08-27 14:48:32 [runtime] (split_complete)  ID.SRR9134555_run.SC_RNA_COUNTER_CS.SC_MULTI_CORE.MULTI_REPORTER.CLOUPE_PREPROCESS
2026-08-27 14:48:32 [runtime] (run:local)       ID.SRR9134555_run.SC_RNA_COUNTER_CS.SC_MULTI_CORE.MULTI_REPORTER.CLOUPE_PREPROCESS.fork0.join
2026-08-27 14:48:42 [runtime] (join_complete)   ID.SRR9134555_run.SC_RNA_COUNTER_CS.SC_MULTI_CORE.MULTI_REPORTER.CLOUPE_PREPROCESS
2026-08-27 14:48:43 [runtime] (ready)           ID.SRR9134555_run.SC_RNA_COUNTER_CS.SC_MULTI_CORE.MULTI_REPORTER.CHOOSE_CLOUPE
2026-08-27 14:48:43 [runtime] (run:local)       ID.SRR9134555_run.SC_RNA_COUNTER_CS.SC_MULTI_CORE.MULTI_REPORTER.CHOOSE_CLOUPE.fork0.chnk0.main
2026-08-27 14:48:43 [runtime] (chunks_complete) ID.SRR9134555_run.SC_RNA_COUNTER_CS.SC_MULTI_CORE.MULTI_REPORTER.CHOOSE_CLOUPE
2026-08-27 14:48:45 [runtime] (join_complete)   ID.SRR9134555_run.SC_RNA_COUNTER_CS.SC_MULTI_CORE.MULTI_GEM_WELL_PROCESSOR.COUNT_GEM_WELL_PROCESSOR._BASIC_SC_RNA_COUNTER.WRITE_POS_BAM

Outputs:
- Run summary HTML:                         ./tmp_seq/Phuc_10x/SRR9134555_run/outs/web_summary.html
- Run summary CSV:                          ./tmp_seq/Phuc_10x/SRR9134555_run/outs/metrics_summary.csv
- BAM:                                      ./tmp_seq/Phuc_10x/SRR9134555_run/outs/possorted_genome_bam.bam
- BAM BAI index:                            ./tmp_seq/Phuc_10x/SRR9134555_run/outs/possorted_genome_bam.bam.bai
- BAM CSI index:                            null
- Filtered feature-barcode matrices MEX:    ./tmp_seq/Phuc_10x/SRR9134555_run/outs/filtered_feature_bc_matrix
- Filtered feature-barcode matrices HDF5:   ./tmp_seq/Phuc_10x/SRR9134555_run/outs/filtered_feature_bc_matrix.h5
- Unfiltered feature-barcode matrices MEX:  ./tmp_seq/Phuc_10x/SRR9134555_run/outs/raw_feature_bc_matrix
- Unfiltered feature-barcode matrices HDF5: ./tmp_seq/Phuc_10x/SRR9134555_run/outs/raw_feature_bc_matrix.h5
- Secondary analysis output CSV:            ./tmp_seq/Phuc_10x/SRR9134555_run/outs/analysis
- Per-molecule read information:            ./tmp_seq/Phuc_10x/SRR9134555_run/outs/molecule_info.h5
- CRISPR-specific analysis:                 null
- Antibody aggregate barcodes:              null
- Loupe Browser file:                       ./tmp_seq/Phuc_10x/SRR9134555_run/outs/cloupe.cloupe
- Feature Reference:                        null
- Target Panel File:                        null
- Probe Set File:                           null

Waiting 6 seconds for UI to do final refresh.
Pipestance completed successfully!

2026-08-27 14:48:54 Shutting down.
Saving pipestance info to "SRR9134555_run/SRR9134555_run.mri.tgz"
